[2026-07-10T16:14:41Z] ========================================================================
[2026-07-10T16:14:41Z] FOUNDATION-FEATURES run start | features=['svd', 'scvi', 'scvi_batch', 'scgpt', 'geneformer', 'uce']
[2026-07-10T16:14:41Z] data dir: C:\Users\karti\arca\data
[2026-07-10T16:14:41Z] config: foundation augment=True wd=0.0001 early_stop=True epochs=60 donors=['Br5292', 'Br5595', 'Br8100'] pairs_per_donor=2
[2026-07-10T16:14:41Z] PASTE2 held-out refs (pitch): {'Br5292': 5.28, 'Br5595': 4.35, 'Br8100': 3.46}  |  prior SVD plateau 9.6
[2026-07-10T16:14:41Z] ========================================================================
[2026-07-10T16:14:41Z] === feature 'svd' ===
[2026-07-10T16:14:41Z] [svd] available: 
[2026-07-10T16:16:21Z] another live instance holds the lock (pid 4952); exiting.
[2026-07-10T16:29:35Z] [svd] hold-out Br5292: held_out=8.527 in_dist=3.147 (PASTE2 5.28, SVD_ref 9.6) dim=50 893.9s beats_paste2=False
[2026-07-10T16:47:55Z] [svd] hold-out Br5595: held_out=7.826 in_dist=3.17 (PASTE2 4.35, SVD_ref 9.6) dim=50 1099.6s beats_paste2=False
[2026-07-10T17:04:02Z] [svd] hold-out Br8100: held_out=8.44 in_dist=3.423 (PASTE2 3.46, SVD_ref 9.6) dim=50 967.0s beats_paste2=False
[2026-07-10T17:04:04Z] wrote C:\Users\karti\arca\research\results\foundation_features.png
[2026-07-10T17:04:04Z] wrote C:\Users\karti\arca\research\FINDINGS_foundation_features.md
[2026-07-10T17:04:04Z] === feature 'scvi' ===
[2026-07-10T17:04:09Z] [scvi] available: scvi-tools 1.5.0.post1
[2026-07-10T17:24:10Z] [scvi] hold-out Br5292: held_out=7.277 in_dist=2.748 (PASTE2 5.28, SVD_ref 9.6) dim=50 1201.4s beats_paste2=False
[2026-07-10T17:45:55Z] [scvi] hold-out Br5595: held_out=6.981 in_dist=2.733 (PASTE2 4.35, SVD_ref 9.6) dim=50 1305.4s beats_paste2=False
[2026-07-10T18:08:11Z] [scvi] hold-out Br8100: held_out=7.909 in_dist=2.662 (PASTE2 3.46, SVD_ref 9.6) dim=50 1335.3s beats_paste2=False
[2026-07-10T18:08:12Z] wrote C:\Users\karti\arca\research\results\foundation_features.png
[2026-07-10T18:08:12Z] wrote C:\Users\karti\arca\research\FINDINGS_foundation_features.md
[2026-07-10T18:08:12Z] === feature 'scvi_batch' ===
[2026-07-10T18:08:12Z] [scvi_batch] available: scvi-tools 1.5.0.post1
