[2026-07-17T17:25:08Z] ================================================================================
[2026-07-17T17:25:08Z] hybrid_robustness START datasets=['kidney'] seeds=[0] smoke=False
[2026-07-17T17:25:08Z] gate=gate_refine ['gated_rigid', 'gated_affine', 'gated_quad'] | subsample(self)=3000 | cache=C:\Users\karti\arca\research\results\paste2_cache
[2026-07-17T17:25:08Z] ================================================================================
[2026-07-17T17:25:08Z] [kidney] built (self): A=1438 B=1438 pitch=137.0 bridge=100%
[2026-07-17T17:25:23Z] [kidney] s4 seed0: paste2=0.00 rigid=2.24 affine=2.15 quad=2.00 (15s)
[2026-07-17T17:25:23Z] === seed 0 pass done (15s) ===
[2026-07-17T17:25:23Z] hybrid_robustness DONE total=15s
[2026-07-17T17:25:23Z] DONE
[2026-07-17T17:27:19Z] ================================================================================
[2026-07-17T17:27:19Z] hybrid_robustness START datasets=['Br5292b', 'Br5595b', 'Br8100b'] seeds=[0, 1] smoke=False
[2026-07-17T17:27:19Z] gate=gate_refine ['gated_rigid', 'gated_affine', 'gated_quad'] | subsample(self)=3000 | cache=C:\Users\karti\arca\research\results\paste2_cache
[2026-07-17T17:27:19Z] ================================================================================
[2026-07-17T17:27:19Z] [Br5292b] built (dlpfc_cross): A=4789 B=4634 pitch=139.0 bridge=100%
[2026-07-17T17:27:39Z] ... alive stage='Br5292b:s0:seed0:paste2' (20s)
[2026-07-17T17:27:59Z] ... alive stage='Br5292b:s0:seed0:paste2' (40s)
[2026-07-17T17:28:19Z] ... alive stage='Br5292b:s0:seed0:paste2' (60s)
[2026-07-17T17:28:39Z] ... alive stage='Br5292b:s0:seed0:paste2' (80s)
[2026-07-17T17:28:59Z] ... alive stage='Br5292b:s0:seed0:paste2' (100s)
[2026-07-17T17:29:19Z] ... alive stage='Br5292b:s0:seed0:paste2' (120s)
[2026-07-17T17:29:39Z] ... alive stage='Br5292b:s0:seed0:paste2' (140s)
[2026-07-17T17:29:59Z] ... alive stage='Br5292b:s0:seed0:paste2' (160s)
[2026-07-17T17:30:19Z] ... alive stage='Br5292b:s0:seed0:paste2' (180s)
[2026-07-17T17:30:39Z] ... alive stage='Br5292b:s0:seed0:paste2' (200s)
[2026-07-17T17:30:59Z] ... alive stage='Br5292b:s0:seed0:paste2' (220s)
[2026-07-17T17:31:19Z] ... alive stage='Br5292b:s0:seed0:paste2' (240s)
[2026-07-17T17:31:39Z] ... alive stage='Br5292b:s0:seed0:paste2' (260s)
[2026-07-17T17:32:00Z] ... alive stage='Br5292b:s0:seed0:paste2' (280s)
[2026-07-17T17:32:19Z] ... alive stage='Br5292b:s0:seed0:paste2' (300s)
[2026-07-17T17:32:39Z] ... alive stage='Br5292b:s0:seed0:paste2' (320s)
[2026-07-17T17:32:51Z] [Br5292b] s0 seed0: paste2=4.40 rigid=2.45 affine=2.37 quad=2.41 (332s)
[2026-07-17T17:32:59Z] ... alive stage='Br5292b:s1:seed0:paste2' (340s)
[2026-07-17T17:33:19Z] ... alive stage='Br5292b:s1:seed0:paste2' (360s)
[2026-07-17T17:33:39Z] ... alive stage='Br5292b:s1:seed0:paste2' (380s)
[2026-07-17T17:33:59Z] ... alive stage='Br5292b:s1:seed0:paste2' (400s)
[2026-07-17T17:34:19Z] ... alive stage='Br5292b:s1:seed0:paste2' (420s)
[2026-07-17T17:34:40Z] ... alive stage='Br5292b:s1:seed0:paste2' (440s)
[2026-07-17T17:35:00Z] ... alive stage='Br5292b:s1:seed0:paste2' (460s)
[2026-07-17T17:35:19Z] ... alive stage='Br5292b:s1:seed0:paste2' (480s)
[2026-07-17T17:35:39Z] ... alive stage='Br5292b:s1:seed0:paste2' (500s)
[2026-07-17T17:35:59Z] ... alive stage='Br5292b:s1:seed0:paste2' (520s)
[2026-07-17T17:36:19Z] ... alive stage='Br5292b:s1:seed0:paste2' (540s)
[2026-07-17T17:36:39Z] ... alive stage='Br5292b:s1:seed0:paste2' (560s)
[2026-07-17T17:36:54Z] [Br5292b] s1 seed0: paste2=4.40 rigid=2.52 affine=2.37 quad=2.41 (243s)
[2026-07-17T17:36:59Z] ... alive stage='Br5292b:s2:seed0:paste2' (580s)
[2026-07-17T17:37:19Z] ... alive stage='Br5292b:s2:seed0:paste2' (600s)
[2026-07-17T17:37:39Z] ... alive stage='Br5292b:s2:seed0:paste2' (620s)
[2026-07-17T17:38:00Z] ... alive stage='Br5292b:s2:seed0:paste2' (640s)
[2026-07-17T17:38:20Z] ... alive stage='Br5292b:s2:seed0:paste2' (660s)
[2026-07-17T17:38:59Z] ... alive stage='Br5292b:s2:seed0:paste2' (700s)
[2026-07-17T17:39:19Z] ... alive stage='Br5292b:s2:seed0:paste2' (720s)
[2026-07-17T17:39:39Z] ... alive stage='Br5292b:s2:seed0:paste2' (740s)
[2026-07-17T17:39:59Z] ... alive stage='Br5292b:s2:seed0:paste2' (760s)
[2026-07-17T17:40:19Z] ... alive stage='Br5292b:s2:seed0:paste2' (780s)
[2026-07-17T17:40:39Z] ... alive stage='Br5292b:s2:seed0:paste2' (800s)
[2026-07-17T17:40:59Z] ... alive stage='Br5292b:s2:seed0:paste2' (820s)
[2026-07-17T17:41:19Z] ... alive stage='Br5292b:s2:seed0:paste2' (840s)
[2026-07-17T17:41:39Z] ... alive stage='Br5292b:s2:seed0:paste2' (860s)
[2026-07-17T17:41:59Z] ... alive stage='Br5292b:s2:seed0:paste2' (880s)
[2026-07-17T17:42:20Z] ... alive stage='Br5292b:s2:seed0:paste2' (900s)
[2026-07-17T17:42:31Z] [Br5292b] s2 seed0: paste2=4.51 rigid=3.16 affine=2.63 quad=2.79 (337s)
[2026-07-17T17:42:40Z] ... alive stage='Br5292b:s3:seed0:paste2' (920s)
[2026-07-17T17:42:59Z] ... alive stage='Br5292b:s3:seed0:paste2' (940s)
[2026-07-17T17:43:19Z] ... alive stage='Br5292b:s3:seed0:paste2' (960s)
[2026-07-17T17:43:39Z] ... alive stage='Br5292b:s3:seed0:paste2' (980s)
[2026-07-17T17:43:59Z] ... alive stage='Br5292b:s3:seed0:paste2' (1000s)
[2026-07-17T17:44:19Z] ... alive stage='Br5292b:s3:seed0:paste2' (1020s)
[2026-07-17T17:44:39Z] ... alive stage='Br5292b:s3:seed0:paste2' (1040s)
[2026-07-17T17:44:59Z] ... alive stage='Br5292b:s3:seed0:paste2' (1060s)
[2026-07-17T17:45:19Z] ... alive stage='Br5292b:s3:seed0:paste2' (1080s)
[2026-07-17T17:45:39Z] ... alive stage='Br5292b:s3:seed0:paste2' (1100s)
[2026-07-17T17:45:59Z] ... alive stage='Br5292b:s3:seed0:paste2' (1120s)
[2026-07-17T17:46:20Z] ... alive stage='Br5292b:s3:seed0:paste2' (1140s)
[2026-07-17T17:46:40Z] ... alive stage='Br5292b:s3:seed0:paste2' (1160s)
[2026-07-17T17:47:00Z] ... alive stage='Br5292b:s3:seed0:paste2' (1180s)
[2026-07-17T17:47:20Z] ... alive stage='Br5292b:s3:seed0:paste2' (1200s)
[2026-07-17T17:47:39Z] ... alive stage='Br5292b:s3:seed0:paste2' (1220s)
[2026-07-17T17:47:59Z] ... alive stage='Br5292b:s3:seed0:paste2' (1240s)
[2026-07-17T17:48:19Z] ... alive stage='Br5292b:s3:seed0:paste2' (1260s)
[2026-07-17T17:48:39Z] ... alive stage='Br5292b:s3:seed0:paste2' (1280s)
[2026-07-17T17:48:59Z] ... alive stage='Br5292b:s3:seed0:paste2' (1300s)
[2026-07-17T17:49:19Z] ... alive stage='Br5292b:s3:seed0:paste2' (1320s)
[2026-07-17T17:49:39Z] ... alive stage='Br5292b:s3:seed0:paste2' (1340s)
[2026-07-17T17:49:59Z] ... alive stage='Br5292b:s3:seed0:paste2' (1360s)
[2026-07-17T17:50:19Z] ... alive stage='Br5292b:s3:seed0:paste2' (1380s)
[2026-07-17T17:50:39Z] ... alive stage='Br5292b:s3:seed0:paste2' (1400s)
[2026-07-17T17:50:59Z] ... alive stage='Br5292b:s3:seed0:paste2' (1420s)
[2026-07-17T17:51:20Z] ... alive stage='Br5292b:s3:seed0:paste2' (1440s)
[2026-07-17T17:51:40Z] ... alive stage='Br5292b:s3:seed0:paste2' (1460s)
[2026-07-17T17:51:59Z] ... alive stage='Br5292b:s3:seed0:paste2' (1480s)
[2026-07-17T17:52:00Z] [Br5292b] s3 seed0: paste2=4.64 rigid=3.77 affine=3.00 quad=3.22 (569s)
[2026-07-17T17:52:19Z] ... alive stage='Br5292b:s4:seed0:paste2' (1500s)
[2026-07-17T17:52:39Z] ... alive stage='Br5292b:s4:seed0:paste2' (1520s)
[2026-07-17T17:52:59Z] ... alive stage='Br5292b:s4:seed0:paste2' (1540s)
[2026-07-17T17:53:19Z] ... alive stage='Br5292b:s4:seed0:paste2' (1560s)
[2026-07-17T17:53:39Z] ... alive stage='Br5292b:s4:seed0:paste2' (1580s)
[2026-07-17T17:53:59Z] ... alive stage='Br5292b:s4:seed0:paste2' (1600s)
[2026-07-17T17:54:19Z] ... alive stage='Br5292b:s4:seed0:paste2' (1620s)
[2026-07-17T17:54:39Z] ... alive stage='Br5292b:s4:seed0:paste2' (1640s)
[2026-07-17T17:54:59Z] ... alive stage='Br5292b:s4:seed0:paste2' (1660s)
[2026-07-17T17:55:19Z] ... alive stage='Br5292b:s4:seed0:paste2' (1680s)
[2026-07-17T17:55:39Z] ... alive stage='Br5292b:s4:seed0:paste2' (1700s)
[2026-07-17T17:56:00Z] ... alive stage='Br5292b:s4:seed0:paste2' (1720s)
[2026-07-17T17:56:20Z] ... alive stage='Br5292b:s4:seed0:paste2' (1740s)
[2026-07-17T17:56:40Z] ... alive stage='Br5292b:s4:seed0:paste2' (1760s)
[2026-07-17T17:56:59Z] ... alive stage='Br5292b:s4:seed0:paste2' (1780s)
[2026-07-17T17:57:19Z] ... alive stage='Br5292b:s4:seed0:paste2' (1800s)
[2026-07-17T17:57:39Z] ... alive stage='Br5292b:s4:seed0:paste2' (1820s)
[2026-07-17T17:57:59Z] ... alive stage='Br5292b:s4:seed0:paste2' (1840s)
[2026-07-17T17:58:19Z] ... alive stage='Br5292b:s4:seed0:paste2' (1860s)
[2026-07-17T17:58:39Z] ... alive stage='Br5292b:s4:seed0:paste2' (1880s)
[2026-07-17T17:58:59Z] ... alive stage='Br5292b:s4:seed0:paste2' (1900s)
[2026-07-17T17:59:19Z] ... alive stage='Br5292b:s4:seed0:paste2' (1920s)
[2026-07-17T17:59:39Z] ... alive stage='Br5292b:s4:seed0:paste2' (1940s)
[2026-07-17T17:59:59Z] ... alive stage='Br5292b:s4:seed0:paste2' (1960s)
[2026-07-17T18:00:20Z] ... alive stage='Br5292b:s4:seed0:paste2' (1980s)
[2026-07-17T18:00:40Z] ... alive stage='Br5292b:s4:seed0:paste2' (2000s)
[2026-07-17T18:00:59Z] ... alive stage='Br5292b:s4:seed0:paste2' (2020s)
[2026-07-17T18:01:19Z] ... alive stage='Br5292b:s4:seed0:paste2' (2040s)
[2026-07-17T18:01:39Z] ... alive stage='Br5292b:s4:seed0:paste2' (2060s)
[2026-07-17T18:01:59Z] ... alive stage='Br5292b:s4:seed0:paste2' (2080s)
[2026-07-17T18:02:19Z] ... alive stage='Br5292b:s4:seed0:paste2' (2100s)
[2026-07-17T18:02:39Z] ... alive stage='Br5292b:s4:seed0:paste2' (2120s)
[2026-07-17T18:02:41Z] [Br5292b] s4 seed0: paste2=4.83 rigid=4.29 affine=3.42 quad=3.62 (642s)
[2026-07-17T18:02:59Z] ... alive stage='Br5292b:s6:seed0:paste2' (2140s)
[2026-07-17T18:03:20Z] ... alive stage='Br5292b:s6:seed0:paste2' (2160s)
[2026-07-17T18:03:40Z] ... alive stage='Br5292b:s6:seed0:paste2' (2180s)
[2026-07-17T18:03:59Z] ... alive stage='Br5292b:s6:seed0:paste2' (2200s)
[2026-07-17T18:04:19Z] ... alive stage='Br5292b:s6:seed0:paste2' (2220s)
[2026-07-17T18:04:39Z] ... alive stage='Br5292b:s6:seed0:paste2' (2240s)
[2026-07-17T18:04:59Z] ... alive stage='Br5292b:s6:seed0:paste2' (2260s)
[2026-07-17T18:05:19Z] ... alive stage='Br5292b:s6:seed0:paste2' (2280s)
[2026-07-17T18:05:39Z] ... alive stage='Br5292b:s6:seed0:paste2' (2300s)
[2026-07-17T18:06:00Z] ... alive stage='Br5292b:s6:seed0:paste2' (2320s)
[2026-07-17T18:06:20Z] ... alive stage='Br5292b:s6:seed0:paste2' (2340s)
[2026-07-17T18:06:39Z] ... alive stage='Br5292b:s6:seed0:paste2' (2360s)
[2026-07-17T18:06:59Z] ... alive stage='Br5292b:s6:seed0:paste2' (2380s)
[2026-07-17T18:07:19Z] ... alive stage='Br5292b:s6:seed0:paste2' (2400s)
[2026-07-17T18:07:39Z] ... alive stage='Br5292b:s6:seed0:paste2' (2420s)
[2026-07-17T18:07:59Z] ... alive stage='Br5292b:s6:seed0:paste2' (2440s)
[2026-07-17T18:08:19Z] ... alive stage='Br5292b:s6:seed0:paste2' (2460s)
[2026-07-17T18:08:39Z] ... alive stage='Br5292b:s6:seed0:paste2' (2480s)
[2026-07-17T18:08:59Z] ... alive stage='Br5292b:s6:seed0:paste2' (2500s)
[2026-07-17T18:09:20Z] ... alive stage='Br5292b:s6:seed0:paste2' (2520s)
[2026-07-17T18:09:40Z] ... alive stage='Br5292b:s6:seed0:paste2' (2540s)
[2026-07-17T18:10:00Z] ... alive stage='Br5292b:s6:seed0:paste2' (2560s)
[2026-07-17T18:10:19Z] ... alive stage='Br5292b:s6:seed0:paste2' (2580s)
[2026-07-17T18:10:39Z] ... alive stage='Br5292b:s6:seed0:paste2' (2600s)
[2026-07-17T18:10:59Z] ... alive stage='Br5292b:s6:seed0:paste2' (2620s)
[2026-07-17T18:11:19Z] ... alive stage='Br5292b:s6:seed0:paste2' (2640s)
[2026-07-17T18:11:39Z] ... alive stage='Br5292b:s6:seed0:paste2' (2660s)
[2026-07-17T18:11:59Z] ... alive stage='Br5292b:s6:seed0:paste2' (2680s)
[2026-07-17T18:12:19Z] ... alive stage='Br5292b:s6:seed0:paste2' (2700s)
[2026-07-17T18:12:40Z] ... alive stage='Br5292b:s6:seed0:paste2' (2720s)
[2026-07-17T18:13:00Z] ... alive stage='Br5292b:s6:seed0:paste2' (2740s)
[2026-07-17T18:13:19Z] ... alive stage='Br5292b:s6:seed0:paste2' (2760s)
[2026-07-17T18:13:39Z] ... alive stage='Br5292b:s6:seed0:paste2' (2780s)
[2026-07-17T18:13:59Z] ... alive stage='Br5292b:s6:seed0:paste2' (2800s)
[2026-07-17T18:14:19Z] ... alive stage='Br5292b:s6:seed0:paste2' (2820s)
[2026-07-17T18:14:39Z] ... alive stage='Br5292b:s6:seed0:paste2' (2840s)
[2026-07-17T18:14:59Z] ... alive stage='Br5292b:s6:seed0:paste2' (2860s)
[2026-07-17T18:15:19Z] ... alive stage='Br5292b:s6:seed0:paste2' (2880s)
[2026-07-17T18:15:39Z] ... alive stage='Br5292b:s6:seed0:paste2' (2900s)
[2026-07-17T18:15:44Z] [Br5292b] s6 seed0: paste2=5.18 rigid=5.03 affine=4.24 quad=4.39 (783s)
[2026-07-17T18:15:59Z] ... alive stage='Br5292b:s8:seed0:paste2' (2920s)
[2026-07-17T18:16:19Z] ... alive stage='Br5292b:s8:seed0:paste2' (2940s)
[2026-07-17T18:16:39Z] ... alive stage='Br5292b:s8:seed0:paste2' (2960s)
[2026-07-17T18:17:00Z] ... alive stage='Br5292b:s8:seed0:paste2' (2980s)
[2026-07-17T18:17:20Z] ... alive stage='Br5292b:s8:seed0:paste2' (3000s)
[2026-07-17T18:17:40Z] ... alive stage='Br5292b:s8:seed0:paste2' (3020s)
[2026-07-17T18:17:59Z] ... alive stage='Br5292b:s8:seed0:paste2' (3040s)
[2026-07-17T18:18:19Z] ... alive stage='Br5292b:s8:seed0:paste2' (3060s)
[2026-07-17T18:18:39Z] ... alive stage='Br5292b:s8:seed0:paste2' (3080s)
[2026-07-17T18:18:59Z] ... alive stage='Br5292b:s8:seed0:paste2' (3100s)
[2026-07-17T18:19:19Z] ... alive stage='Br5292b:s8:seed0:paste2' (3120s)
[2026-07-17T18:19:39Z] ... alive stage='Br5292b:s8:seed0:paste2' (3140s)
[2026-07-17T18:19:59Z] ... alive stage='Br5292b:s8:seed0:paste2' (3160s)
[2026-07-17T18:20:19Z] ... alive stage='Br5292b:s8:seed0:paste2' (3180s)
[2026-07-17T18:20:39Z] ... alive stage='Br5292b:s8:seed0:paste2' (3200s)
[2026-07-17T18:20:59Z] ... alive stage='Br5292b:s8:seed0:paste2' (3220s)
[2026-07-17T18:21:19Z] ... alive stage='Br5292b:s8:seed0:paste2' (3240s)
[2026-07-17T18:21:39Z] ... alive stage='Br5292b:s8:seed0:paste2' (3260s)
[2026-07-17T18:21:59Z] ... alive stage='Br5292b:s8:seed0:paste2' (3280s)
[2026-07-17T18:22:20Z] ... alive stage='Br5292b:s8:seed0:paste2' (3300s)
[2026-07-17T18:22:40Z] ... alive stage='Br5292b:s8:seed0:paste2' (3320s)
[2026-07-17T18:23:00Z] ... alive stage='Br5292b:s8:seed0:paste2' (3340s)
[2026-07-17T18:23:20Z] ... alive stage='Br5292b:s8:seed0:paste2' (3360s)
[2026-07-17T18:23:39Z] ... alive stage='Br5292b:s8:seed0:paste2' (3380s)
[2026-07-17T18:23:59Z] ... alive stage='Br5292b:s8:seed0:paste2' (3400s)
[2026-07-17T18:24:19Z] ... alive stage='Br5292b:s8:seed0:paste2' (3420s)
[2026-07-17T18:24:39Z] ... alive stage='Br5292b:s8:seed0:paste2' (3440s)
[2026-07-17T18:24:59Z] ... alive stage='Br5292b:s8:seed0:paste2' (3460s)
[2026-07-17T18:25:19Z] ... alive stage='Br5292b:s8:seed0:paste2' (3480s)
[2026-07-17T18:25:39Z] ... alive stage='Br5292b:s8:seed0:paste2' (3500s)
[2026-07-17T18:25:59Z] ... alive stage='Br5292b:s8:seed0:paste2' (3520s)
[2026-07-17T18:26:19Z] ... alive stage='Br5292b:s8:seed0:paste2' (3540s)
[2026-07-17T18:26:39Z] ... alive stage='Br5292b:s8:seed0:paste2' (3560s)
[2026-07-17T18:26:59Z] ... alive stage='Br5292b:s8:seed0:paste2' (3580s)
[2026-07-17T18:27:19Z] ... alive stage='Br5292b:s8:seed0:paste2' (3600s)
[2026-07-17T18:27:39Z] ... alive stage='Br5292b:s8:seed0:paste2' (3620s)
[2026-07-17T18:27:59Z] ... alive stage='Br5292b:s8:seed0:paste2' (3640s)
[2026-07-17T18:28:19Z] ... alive stage='Br5292b:s8:seed0:paste2' (3660s)
[2026-07-17T18:28:39Z] ... alive stage='Br5292b:s8:seed0:paste2' (3680s)
[2026-07-17T18:29:00Z] ... alive stage='Br5292b:s8:seed0:paste2' (3700s)
[2026-07-17T18:29:20Z] ... alive stage='Br5292b:s8:seed0:paste2' (3720s)
[2026-07-17T18:29:40Z] ... alive stage='Br5292b:s8:seed0:paste2' (3740s)
[2026-07-17T18:29:59Z] ... alive stage='Br5292b:s8:seed0:paste2' (3760s)
[2026-07-17T18:30:19Z] ... alive stage='Br5292b:s8:seed0:paste2' (3780s)
[2026-07-17T18:30:39Z] ... alive stage='Br5292b:s8:seed0:paste2' (3800s)
[2026-07-17T18:30:44Z] [Br5292b] s8 seed0 PASTE2 FAILED/timeout: TimeoutError('exceeded 900s')
[2026-07-17T18:30:46Z] [Br5595b] built (dlpfc_cross): A=4110 B=4015 pitch=137.0 bridge=92%
[2026-07-17T18:30:59Z] ... alive stage='Br5595b:s0:seed0:paste2' (3820s)
[2026-07-17T18:31:19Z] ... alive stage='Br5595b:s0:seed0:paste2' (3840s)
[2026-07-17T18:31:39Z] ... alive stage='Br5595b:s0:seed0:paste2' (3860s)
[2026-07-17T18:31:59Z] ... alive stage='Br5595b:s0:seed0:paste2' (3880s)
[2026-07-17T18:32:19Z] ... alive stage='Br5595b:s0:seed0:paste2' (3900s)
[2026-07-17T18:32:40Z] ... alive stage='Br5595b:s0:seed0:paste2' (3920s)
[2026-07-17T18:32:59Z] ... alive stage='Br5595b:s0:seed0:paste2' (3940s)
[2026-07-17T18:33:19Z] ... alive stage='Br5595b:s0:seed0:paste2' (3960s)
[2026-07-17T18:33:39Z] ... alive stage='Br5595b:s0:seed0:paste2' (3980s)
[2026-07-17T18:33:59Z] ... alive stage='Br5595b:s0:seed0:paste2' (4000s)
[2026-07-17T18:34:19Z] ... alive stage='Br5595b:s0:seed0:paste2' (4020s)
[2026-07-17T18:34:39Z] ... alive stage='Br5595b:s0:seed0:paste2' (4040s)
[2026-07-17T18:34:59Z] ... alive stage='Br5595b:s0:seed0:paste2' (4060s)
[2026-07-17T18:35:19Z] ... alive stage='Br5595b:s0:seed0:paste2' (4080s)
[2026-07-17T18:35:40Z] ... alive stage='Br5595b:s0:seed0:paste2' (4100s)
[2026-07-17T18:36:00Z] ... alive stage='Br5595b:s0:seed0:paste2' (4120s)
[2026-07-17T18:36:20Z] ... alive stage='Br5595b:s0:seed0:paste2' (4140s)
[2026-07-17T18:36:39Z] ... alive stage='Br5595b:s0:seed0:paste2' (4160s)
[2026-07-17T18:36:59Z] ... alive stage='Br5595b:s0:seed0:paste2' (4180s)
[2026-07-17T18:37:19Z] ... alive stage='Br5595b:s0:seed0:paste2' (4200s)
[2026-07-17T18:37:39Z] ... alive stage='Br5595b:s0:seed0:paste2' (4220s)
[2026-07-17T18:37:59Z] ... alive stage='Br5595b:s0:seed0:paste2' (4240s)
[2026-07-17T18:38:14Z] [Br5595b] s0 seed0: paste2=5.51 rigid=4.50 affine=4.46 quad=4.44 (448s)
[2026-07-17T18:38:19Z] ... alive stage='Br5595b:s1:seed0:paste2' (4260s)
[2026-07-17T18:38:39Z] ... alive stage='Br5595b:s1:seed0:paste2' (4280s)
[2026-07-17T18:38:59Z] ... alive stage='Br5595b:s1:seed0:paste2' (4300s)
[2026-07-17T18:39:19Z] ... alive stage='Br5595b:s1:seed0:paste2' (4320s)
[2026-07-17T18:39:39Z] ... alive stage='Br5595b:s1:seed0:paste2' (4340s)
[2026-07-17T18:39:59Z] ... alive stage='Br5595b:s1:seed0:paste2' (4360s)
[2026-07-17T18:40:19Z] ... alive stage='Br5595b:s1:seed0:paste2' (4380s)
[2026-07-17T18:40:39Z] ... alive stage='Br5595b:s1:seed0:paste2' (4400s)
[2026-07-17T18:41:00Z] ... alive stage='Br5595b:s1:seed0:paste2' (4420s)
[2026-07-17T18:41:20Z] ... alive stage='Br5595b:s1:seed0:paste2' (4440s)
[2026-07-17T18:41:40Z] ... alive stage='Br5595b:s1:seed0:paste2' (4460s)
[2026-07-17T18:41:59Z] ... alive stage='Br5595b:s1:seed0:paste2' (4480s)
[2026-07-17T18:42:19Z] ... alive stage='Br5595b:s1:seed0:paste2' (4500s)
[2026-07-17T18:42:39Z] ... alive stage='Br5595b:s1:seed0:paste2' (4520s)
[2026-07-17T18:42:59Z] ... alive stage='Br5595b:s1:seed0:paste2' (4540s)
[2026-07-17T18:43:19Z] ... alive stage='Br5595b:s1:seed0:paste2' (4560s)
[2026-07-17T18:43:39Z] ... alive stage='Br5595b:s1:seed0:paste2' (4580s)
[2026-07-17T18:43:59Z] ... alive stage='Br5595b:s1:seed0:paste2' (4600s)
[2026-07-17T18:44:19Z] ... alive stage='Br5595b:s1:seed0:paste2' (4620s)
[2026-07-17T18:44:39Z] ... alive stage='Br5595b:s1:seed0:paste2' (4640s)
[2026-07-17T18:44:59Z] ... alive stage='Br5595b:s1:seed0:paste2' (4660s)
[2026-07-17T18:45:19Z] ... alive stage='Br5595b:s1:seed0:paste2' (4680s)
[2026-07-17T18:45:39Z] ... alive stage='Br5595b:s1:seed0:paste2' (4700s)
[2026-07-17T18:45:42Z] [Br5595b] s1 seed0: paste2=5.44 rigid=4.46 affine=4.38 quad=4.40 (448s)
[2026-07-17T18:45:59Z] ... alive stage='Br5595b:s2:seed0:paste2' (4720s)
[2026-07-17T18:46:19Z] ... alive stage='Br5595b:s2:seed0:paste2' (4740s)
[2026-07-17T18:46:40Z] ... alive stage='Br5595b:s2:seed0:paste2' (4760s)
[2026-07-17T18:47:00Z] ... alive stage='Br5595b:s2:seed0:paste2' (4780s)
[2026-07-17T18:47:20Z] ... alive stage='Br5595b:s2:seed0:paste2' (4800s)
[2026-07-17T18:47:40Z] ... alive stage='Br5595b:s2:seed0:paste2' (4820s)
[2026-07-17T18:47:59Z] ... alive stage='Br5595b:s2:seed0:paste2' (4840s)
[2026-07-17T18:48:19Z] ... alive stage='Br5595b:s2:seed0:paste2' (4860s)
[2026-07-17T18:48:39Z] ... alive stage='Br5595b:s2:seed0:paste2' (4880s)
[2026-07-17T18:48:59Z] ... alive stage='Br5595b:s2:seed0:paste2' (4900s)
[2026-07-17T18:49:19Z] ... alive stage='Br5595b:s2:seed0:paste2' (4920s)
[2026-07-17T18:49:39Z] ... alive stage='Br5595b:s2:seed0:paste2' (4940s)
[2026-07-17T18:49:59Z] ... alive stage='Br5595b:s2:seed0:paste2' (4960s)
[2026-07-17T18:50:19Z] ... alive stage='Br5595b:s2:seed0:paste2' (4980s)
[2026-07-17T18:50:39Z] ... alive stage='Br5595b:s2:seed0:paste2' (5000s)
[2026-07-17T18:50:59Z] ... alive stage='Br5595b:s2:seed0:paste2' (5020s)
[2026-07-17T18:51:19Z] ... alive stage='Br5595b:s2:seed0:paste2' (5040s)
[2026-07-17T18:51:40Z] ... alive stage='Br5595b:s2:seed0:paste2' (5060s)
[2026-07-17T18:52:00Z] ... alive stage='Br5595b:s2:seed0:paste2' (5080s)
[2026-07-17T18:52:14Z] [Br5595b] s2 seed0: paste2=5.39 rigid=4.56 affine=4.34 quad=4.39 (392s)
[2026-07-17T18:52:19Z] ... alive stage='Br5595b:s3:seed0:paste2' (5100s)
[2026-07-17T18:52:39Z] ... alive stage='Br5595b:s3:seed0:paste2' (5120s)
[2026-07-17T18:52:59Z] ... alive stage='Br5595b:s3:seed0:paste2' (5140s)
[2026-07-17T18:53:19Z] ... alive stage='Br5595b:s3:seed0:paste2' (5160s)
[2026-07-17T18:53:39Z] ... alive stage='Br5595b:s3:seed0:paste2' (5180s)
[2026-07-17T18:53:59Z] ... alive stage='Br5595b:s3:seed0:paste2' (5200s)
[2026-07-17T18:54:19Z] ... alive stage='Br5595b:s3:seed0:paste2' (5220s)
[2026-07-17T18:54:39Z] ... alive stage='Br5595b:s3:seed0:paste2' (5240s)
[2026-07-17T18:54:59Z] ... alive stage='Br5595b:s3:seed0:paste2' (5260s)
[2026-07-17T18:55:19Z] ... alive stage='Br5595b:s3:seed0:paste2' (5280s)
[2026-07-17T18:55:39Z] ... alive stage='Br5595b:s3:seed0:paste2' (5300s)
[2026-07-17T18:56:00Z] ... alive stage='Br5595b:s3:seed0:paste2' (5320s)
[2026-07-17T18:56:20Z] ... alive stage='Br5595b:s3:seed0:paste2' (5340s)
[2026-07-17T18:56:40Z] ... alive stage='Br5595b:s3:seed0:paste2' (5360s)
[2026-07-17T18:56:59Z] ... alive stage='Br5595b:s3:seed0:paste2' (5380s)
[2026-07-17T18:57:19Z] ... alive stage='Br5595b:s3:seed0:paste2' (5400s)
[2026-07-17T18:57:39Z] ... alive stage='Br5595b:s3:seed0:paste2' (5420s)
[2026-07-17T18:57:59Z] ... alive stage='Br5595b:s3:seed0:paste2' (5440s)
[2026-07-17T18:58:19Z] ... alive stage='Br5595b:s3:seed0:paste2' (5460s)
[2026-07-17T18:58:39Z] ... alive stage='Br5595b:s3:seed0:paste2' (5480s)
[2026-07-17T18:58:59Z] ... alive stage='Br5595b:s3:seed0:paste2' (5500s)
[2026-07-17T18:59:19Z] ... alive stage='Br5595b:s3:seed0:paste2' (5520s)
[2026-07-17T18:59:39Z] ... alive stage='Br5595b:s3:seed0:paste2' (5540s)
[2026-07-17T18:59:59Z] ... alive stage='Br5595b:s3:seed0:paste2' (5560s)
[2026-07-17T19:00:07Z] [Br5595b] s3 seed0: paste2=5.43 rigid=4.87 affine=4.46 quad=4.55 (473s)
[2026-07-17T19:00:19Z] ... alive stage='Br5595b:s4:seed0:paste2' (5580s)
[2026-07-17T19:00:39Z] ... alive stage='Br5595b:s4:seed0:paste2' (5600s)
[2026-07-17T19:00:59Z] ... alive stage='Br5595b:s4:seed0:paste2' (5620s)
[2026-07-17T19:01:19Z] ... alive stage='Br5595b:s4:seed0:paste2' (5640s)
[2026-07-17T19:01:40Z] ... alive stage='Br5595b:s4:seed0:paste2' (5660s)
[2026-07-17T19:02:00Z] ... alive stage='Br5595b:s4:seed0:paste2' (5680s)
[2026-07-17T19:02:20Z] ... alive stage='Br5595b:s4:seed0:paste2' (5700s)
[2026-07-17T19:02:39Z] ... alive stage='Br5595b:s4:seed0:paste2' (5720s)
[2026-07-17T19:02:59Z] ... alive stage='Br5595b:s4:seed0:paste2' (5740s)
[2026-07-17T19:03:19Z] ... alive stage='Br5595b:s4:seed0:paste2' (5760s)
[2026-07-17T19:03:39Z] ... alive stage='Br5595b:s4:seed0:paste2' (5780s)
[2026-07-17T19:03:59Z] ... alive stage='Br5595b:s4:seed0:paste2' (5800s)
[2026-07-17T19:04:19Z] ... alive stage='Br5595b:s4:seed0:paste2' (5820s)
[2026-07-17T19:04:39Z] ... alive stage='Br5595b:s4:seed0:paste2' (5840s)
[2026-07-17T19:04:59Z] ... alive stage='Br5595b:s4:seed0:paste2' (5860s)
[2026-07-17T19:05:19Z] ... alive stage='Br5595b:s4:seed0:paste2' (5880s)
[2026-07-17T19:05:39Z] ... alive stage='Br5595b:s4:seed0:paste2' (5900s)
[2026-07-17T19:06:00Z] ... alive stage='Br5595b:s4:seed0:paste2' (5920s)
[2026-07-17T19:06:20Z] ... alive stage='Br5595b:s4:seed0:paste2' (5940s)
[2026-07-17T19:06:39Z] ... alive stage='Br5595b:s4:seed0:paste2' (5960s)
[2026-07-17T19:06:59Z] ... alive stage='Br5595b:s4:seed0:paste2' (5980s)
[2026-07-17T19:07:15Z] [Br5595b] s4 seed0: paste2=5.52 rigid=5.14 affine=4.59 quad=4.74 (428s)
[2026-07-17T19:07:19Z] ... alive stage='Br5595b:s6:seed0:paste2' (6000s)
[2026-07-17T19:07:39Z] ... alive stage='Br5595b:s6:seed0:paste2' (6020s)
[2026-07-17T19:07:59Z] ... alive stage='Br5595b:s6:seed0:paste2' (6040s)
[2026-07-17T19:08:19Z] ... alive stage='Br5595b:s6:seed0:paste2' (6060s)
[2026-07-17T19:08:39Z] ... alive stage='Br5595b:s6:seed0:paste2' (6080s)
[2026-07-17T19:08:59Z] ... alive stage='Br5595b:s6:seed0:paste2' (6100s)
[2026-07-17T19:09:19Z] ... alive stage='Br5595b:s6:seed0:paste2' (6120s)
[2026-07-17T19:09:39Z] ... alive stage='Br5595b:s6:seed0:paste2' (6140s)
[2026-07-17T19:09:59Z] ... alive stage='Br5595b:s6:seed0:paste2' (6160s)
[2026-07-17T19:10:19Z] ... alive stage='Br5595b:s6:seed0:paste2' (6180s)
[2026-07-17T19:10:39Z] ... alive stage='Br5595b:s6:seed0:paste2' (6200s)
[2026-07-17T19:10:59Z] ... alive stage='Br5595b:s6:seed0:paste2' (6220s)
[2026-07-17T19:11:20Z] ... alive stage='Br5595b:s6:seed0:paste2' (6240s)
[2026-07-17T19:11:40Z] ... alive stage='Br5595b:s6:seed0:paste2' (6260s)
[2026-07-17T19:12:00Z] ... alive stage='Br5595b:s6:seed0:paste2' (6280s)
[2026-07-17T19:12:19Z] ... alive stage='Br5595b:s6:seed0:paste2' (6300s)
[2026-07-17T19:12:39Z] ... alive stage='Br5595b:s6:seed0:paste2' (6320s)
[2026-07-17T19:12:59Z] ... alive stage='Br5595b:s6:seed0:paste2' (6340s)
[2026-07-17T19:13:19Z] ... alive stage='Br5595b:s6:seed0:paste2' (6360s)
[2026-07-17T19:13:39Z] ... alive stage='Br5595b:s6:seed0:paste2' (6380s)
[2026-07-17T19:13:59Z] ... alive stage='Br5595b:s6:seed0:paste2' (6400s)
[2026-07-17T19:14:19Z] ... alive stage='Br5595b:s6:seed0:paste2' (6420s)
[2026-07-17T19:14:39Z] ... alive stage='Br5595b:s6:seed0:paste2' (6440s)
[2026-07-17T19:14:59Z] ... alive stage='Br5595b:s6:seed0:paste2' (6460s)
[2026-07-17T19:15:05Z] [Br5595b] s6 seed0: paste2=5.64 rigid=5.52 affine=4.95 quad=5.03 (470s)
[2026-07-17T19:15:19Z] ... alive stage='Br5595b:s8:seed0:paste2' (6480s)
[2026-07-17T19:15:39Z] ... alive stage='Br5595b:s8:seed0:paste2' (6500s)
[2026-07-17T19:15:59Z] ... alive stage='Br5595b:s8:seed0:paste2' (6520s)
[2026-07-17T19:16:19Z] ... alive stage='Br5595b:s8:seed0:paste2' (6540s)
[2026-07-17T19:16:39Z] ... alive stage='Br5595b:s8:seed0:paste2' (6560s)
[2026-07-17T19:16:59Z] ... alive stage='Br5595b:s8:seed0:paste2' (6580s)
[2026-07-17T19:17:20Z] ... alive stage='Br5595b:s8:seed0:paste2' (6600s)
[2026-07-17T19:17:40Z] ... alive stage='Br5595b:s8:seed0:paste2' (6620s)
[2026-07-17T19:18:00Z] ... alive stage='Br5595b:s8:seed0:paste2' (6640s)
[2026-07-17T19:18:20Z] ... alive stage='Br5595b:s8:seed0:paste2' (6660s)
[2026-07-17T19:18:39Z] ... alive stage='Br5595b:s8:seed0:paste2' (6680s)
[2026-07-17T19:18:59Z] ... alive stage='Br5595b:s8:seed0:paste2' (6700s)
[2026-07-17T19:19:19Z] ... alive stage='Br5595b:s8:seed0:paste2' (6720s)
[2026-07-17T19:19:39Z] ... alive stage='Br5595b:s8:seed0:paste2' (6740s)
[2026-07-17T19:19:59Z] ... alive stage='Br5595b:s8:seed0:paste2' (6760s)
[2026-07-17T19:20:19Z] ... alive stage='Br5595b:s8:seed0:paste2' (6780s)
[2026-07-17T19:20:39Z] ... alive stage='Br5595b:s8:seed0:paste2' (6800s)
[2026-07-17T19:20:59Z] ... alive stage='Br5595b:s8:seed0:paste2' (6820s)
[2026-07-17T19:21:05Z] [Br5595b] s8 seed0: paste2=6.01 rigid=5.97 affine=5.48 quad=5.57 (360s)
[2026-07-17T19:21:05Z] [Br8100b] built (dlpfc_cross): A=3592 B=3460 pitch=137.0 bridge=88%
[2026-07-17T19:21:19Z] ... alive stage='Br8100b:s0:seed0:paste2' (6840s)
[2026-07-17T19:21:39Z] ... alive stage='Br8100b:s0:seed0:paste2' (6860s)
[2026-07-17T19:21:59Z] ... alive stage='Br8100b:s0:seed0:paste2' (6880s)
[2026-07-17T19:22:19Z] ... alive stage='Br8100b:s0:seed0:paste2' (6900s)
[2026-07-17T19:22:39Z] ... alive stage='Br8100b:s0:seed0:paste2' (6920s)
[2026-07-17T19:22:59Z] ... alive stage='Br8100b:s0:seed0:paste2' (6940s)
[2026-07-17T19:23:20Z] ... alive stage='Br8100b:s0:seed0:paste2' (6960s)
[2026-07-17T19:23:40Z] ... alive stage='Br8100b:s0:seed0:paste2' (6980s)
[2026-07-17T19:24:00Z] ... alive stage='Br8100b:s0:seed0:paste2' (7000s)
[2026-07-17T19:24:20Z] ... alive stage='Br8100b:s0:seed0:paste2' (7020s)
[2026-07-17T19:24:39Z] ... alive stage='Br8100b:s0:seed0:paste2' (7040s)
[2026-07-17T19:24:59Z] ... alive stage='Br8100b:s0:seed0:paste2' (7060s)
[2026-07-17T19:25:19Z] ... alive stage='Br8100b:s0:seed0:paste2' (7080s)
[2026-07-17T19:25:27Z] [Br8100b] s0 seed0: paste2=5.19 rigid=4.36 affine=4.41 quad=4.34 (262s)
[2026-07-17T19:25:39Z] ... alive stage='Br8100b:s1:seed0:paste2' (7100s)
[2026-07-17T19:25:59Z] ... alive stage='Br8100b:s1:seed0:paste2' (7120s)
[2026-07-17T19:26:19Z] ... alive stage='Br8100b:s1:seed0:paste2' (7140s)
[2026-07-17T19:26:39Z] ... alive stage='Br8100b:s1:seed0:paste2' (7160s)
[2026-07-17T19:26:59Z] ... alive stage='Br8100b:s1:seed0:paste2' (7180s)
[2026-07-17T19:27:19Z] ... alive stage='Br8100b:s1:seed0:paste2' (7200s)
[2026-07-17T19:27:39Z] ... alive stage='Br8100b:s1:seed0:paste2' (7220s)
[2026-07-17T19:27:59Z] ... alive stage='Br8100b:s1:seed0:paste2' (7240s)
[2026-07-17T19:28:19Z] ... alive stage='Br8100b:s1:seed0:paste2' (7260s)
[2026-07-17T19:28:39Z] ... alive stage='Br8100b:s1:seed0:paste2' (7280s)
[2026-07-17T19:28:59Z] ... alive stage='Br8100b:s1:seed0:paste2' (7300s)
[2026-07-17T19:29:03Z] [Br8100b] s1 seed0: paste2=5.18 rigid=4.34 affine=4.37 quad=4.32 (216s)
[2026-07-17T19:29:19Z] ... alive stage='Br8100b:s2:seed0:paste2' (7320s)
[2026-07-17T19:29:39Z] ... alive stage='Br8100b:s2:seed0:paste2' (7340s)
[2026-07-17T19:29:59Z] ... alive stage='Br8100b:s2:seed0:paste2' (7360s)
[2026-07-17T19:30:19Z] ... alive stage='Br8100b:s2:seed0:paste2' (7380s)
[2026-07-17T19:30:39Z] ... alive stage='Br8100b:s2:seed0:paste2' (7400s)
[2026-07-17T19:30:59Z] ... alive stage='Br8100b:s2:seed0:paste2' (7420s)
[2026-07-17T19:31:19Z] ... alive stage='Br8100b:s2:seed0:paste2' (7440s)
[2026-07-17T19:31:39Z] ... alive stage='Br8100b:s2:seed0:paste2' (7460s)
[2026-07-17T19:32:00Z] ... alive stage='Br8100b:s2:seed0:paste2' (7480s)
[2026-07-17T19:32:07Z] [Br8100b] s2 seed0: paste2=5.21 rigid=4.47 affine=4.46 quad=4.46 (184s)
[2026-07-17T19:32:20Z] ... alive stage='Br8100b:s3:seed0:paste2' (7500s)
[2026-07-17T19:32:40Z] ... alive stage='Br8100b:s3:seed0:paste2' (7520s)
[2026-07-17T19:33:00Z] ... alive stage='Br8100b:s3:seed0:paste2' (7540s)
[2026-07-17T19:33:20Z] ... alive stage='Br8100b:s3:seed0:paste2' (7560s)
[2026-07-17T19:33:39Z] ... alive stage='Br8100b:s3:seed0:paste2' (7580s)
[2026-07-17T19:33:59Z] ... alive stage='Br8100b:s3:seed0:paste2' (7600s)
[2026-07-17T19:34:19Z] ... alive stage='Br8100b:s3:seed0:paste2' (7620s)
[2026-07-17T19:34:39Z] ... alive stage='Br8100b:s3:seed0:paste2' (7640s)
[2026-07-17T19:34:59Z] ... alive stage='Br8100b:s3:seed0:paste2' (7660s)
[2026-07-17T19:35:19Z] ... alive stage='Br8100b:s3:seed0:paste2' (7680s)
[2026-07-17T19:35:39Z] [Br8100b] s3 seed0: paste2=5.29 rigid=4.77 affine=4.59 quad=4.60 (212s)
[2026-07-17T19:35:39Z] ... alive stage='Br8100b:s4:seed0:paste2' (7700s)
[2026-07-17T19:35:59Z] ... alive stage='Br8100b:s4:seed0:paste2' (7720s)
[2026-07-17T19:36:19Z] ... alive stage='Br8100b:s4:seed0:paste2' (7740s)
[2026-07-17T19:36:39Z] ... alive stage='Br8100b:s4:seed0:paste2' (7760s)
[2026-07-17T19:36:59Z] ... alive stage='Br8100b:s4:seed0:paste2' (7780s)
[2026-07-17T19:37:19Z] ... alive stage='Br8100b:s4:seed0:paste2' (7800s)
[2026-07-17T19:37:40Z] ... alive stage='Br8100b:s4:seed0:paste2' (7820s)
[2026-07-17T19:38:00Z] ... alive stage='Br8100b:s4:seed0:paste2' (7840s)
[2026-07-17T19:38:20Z] ... alive stage='Br8100b:s4:seed0:paste2' (7860s)
[2026-07-17T19:38:39Z] ... alive stage='Br8100b:s4:seed0:paste2' (7880s)
[2026-07-17T19:38:59Z] ... alive stage='Br8100b:s4:seed0:paste2' (7900s)
[2026-07-17T19:39:05Z] [Br8100b] s4 seed0: paste2=5.35 rigid=5.03 affine=4.74 quad=4.74 (207s)
[2026-07-17T19:39:19Z] ... alive stage='Br8100b:s6:seed0:paste2' (7920s)
[2026-07-17T19:39:39Z] ... alive stage='Br8100b:s6:seed0:paste2' (7940s)
[2026-07-17T19:39:59Z] ... alive stage='Br8100b:s6:seed0:paste2' (7960s)
[2026-07-17T19:40:19Z] ... alive stage='Br8100b:s6:seed0:paste2' (7980s)
[2026-07-17T19:40:39Z] ... alive stage='Br8100b:s6:seed0:paste2' (8000s)
[2026-07-17T19:40:59Z] ... alive stage='Br8100b:s6:seed0:paste2' (8020s)
[2026-07-17T19:41:19Z] ... alive stage='Br8100b:s6:seed0:paste2' (8040s)
[2026-07-17T19:41:39Z] ... alive stage='Br8100b:s6:seed0:paste2' (8060s)
[2026-07-17T19:41:59Z] ... alive stage='Br8100b:s6:seed0:paste2' (8080s)
[2026-07-17T19:42:17Z] [Br8100b] s6 seed0: paste2=5.64 rigid=5.56 affine=5.23 quad=5.20 (192s)
[2026-07-17T19:42:19Z] ... alive stage='Br8100b:s8:seed0:paste2' (8100s)
[2026-07-17T19:42:39Z] ... alive stage='Br8100b:s8:seed0:paste2' (8120s)
[2026-07-17T19:42:59Z] ... alive stage='Br8100b:s8:seed0:paste2' (8140s)
[2026-07-17T19:43:19Z] ... alive stage='Br8100b:s8:seed0:paste2' (8160s)
[2026-07-17T19:43:39Z] ... alive stage='Br8100b:s8:seed0:paste2' (8180s)
[2026-07-17T19:44:00Z] ... alive stage='Br8100b:s8:seed0:paste2' (8200s)
[2026-07-17T19:44:20Z] ... alive stage='Br8100b:s8:seed0:paste2' (8220s)
[2026-07-17T19:44:40Z] ... alive stage='Br8100b:s8:seed0:paste2' (8240s)
[2026-07-17T19:45:00Z] ... alive stage='Br8100b:s8:seed0:paste2' (8260s)
[2026-07-17T19:45:19Z] ... alive stage='Br8100b:s8:seed0:paste2' (8280s)
[2026-07-17T19:45:39Z] ... alive stage='Br8100b:s8:seed0:paste2' (8300s)
[2026-07-17T19:45:59Z] ... alive stage='Br8100b:s8:seed0:paste2' (8320s)
[2026-07-17T19:46:18Z] [Br8100b] s8 seed0: paste2=5.94 rigid=5.88 affine=5.66 quad=5.65 (241s)
[2026-07-17T19:46:18Z] === seed 0 pass done (8339s) ===
[2026-07-17T19:46:19Z] [Br5292b] built (dlpfc_cross): A=4789 B=4634 pitch=139.0 bridge=100%
[2026-07-17T19:46:19Z] ... alive stage='Br5292b:s0:seed1:paste2' (8340s)
[2026-07-17T19:46:39Z] ... alive stage='Br5292b:s0:seed1:paste2' (8360s)
[2026-07-17T19:46:59Z] ... alive stage='Br5292b:s0:seed1:paste2' (8380s)
[2026-07-17T19:47:19Z] ... alive stage='Br5292b:s0:seed1:paste2' (8400s)
[2026-07-17T19:47:39Z] ... alive stage='Br5292b:s0:seed1:paste2' (8420s)
[2026-07-17T19:47:59Z] ... alive stage='Br5292b:s0:seed1:paste2' (8440s)
[2026-07-17T19:48:19Z] ... alive stage='Br5292b:s0:seed1:paste2' (8460s)
[2026-07-17T19:48:39Z] ... alive stage='Br5292b:s0:seed1:paste2' (8480s)
[2026-07-17T19:49:00Z] ... alive stage='Br5292b:s0:seed1:paste2' (8500s)
[2026-07-17T19:49:20Z] ... alive stage='Br5292b:s0:seed1:paste2' (8520s)
[2026-07-17T19:49:40Z] ... alive stage='Br5292b:s0:seed1:paste2' (8540s)
[2026-07-17T19:49:59Z] ... alive stage='Br5292b:s0:seed1:paste2' (8560s)
[2026-07-17T19:50:19Z] ... alive stage='Br5292b:s0:seed1:paste2' (8580s)
[2026-07-17T19:50:39Z] ... alive stage='Br5292b:s0:seed1:paste2' (8600s)
[2026-07-17T19:50:59Z] ... alive stage='Br5292b:s0:seed1:paste2' (8620s)
[2026-07-17T19:51:19Z] ... alive stage='Br5292b:s0:seed1:paste2' (8640s)
[2026-07-17T19:51:39Z] ... alive stage='Br5292b:s0:seed1:paste2' (8660s)
[2026-07-17T19:51:59Z] ... alive stage='Br5292b:s0:seed1:paste2' (8680s)
[2026-07-17T19:52:19Z] ... alive stage='Br5292b:s0:seed1:paste2' (8700s)
[2026-07-17T19:52:39Z] ... alive stage='Br5292b:s0:seed1:paste2' (8720s)
[2026-07-17T19:52:59Z] ... alive stage='Br5292b:s0:seed1:paste2' (8740s)
[2026-07-17T19:53:19Z] ... alive stage='Br5292b:s0:seed1:paste2' (8760s)
[2026-07-17T19:53:39Z] ... alive stage='Br5292b:s0:seed1:paste2' (8780s)
[2026-07-17T19:54:00Z] ... alive stage='Br5292b:s0:seed1:paste2' (8800s)
[2026-07-17T19:54:20Z] ... alive stage='Br5292b:s0:seed1:paste2' (8820s)
[2026-07-17T19:54:40Z] ... alive stage='Br5292b:s0:seed1:paste2' (8840s)
[2026-07-17T19:54:45Z] [Br5292b] s0 seed1: paste2=4.38 rigid=2.41 affine=2.35 quad=2.38 (507s)
[2026-07-17T19:54:59Z] ... alive stage='Br5292b:s1:seed1:paste2' (8860s)
[2026-07-17T19:55:19Z] ... alive stage='Br5292b:s1:seed1:paste2' (8880s)
[2026-07-17T19:55:39Z] ... alive stage='Br5292b:s1:seed1:paste2' (8900s)
[2026-07-17T19:55:59Z] ... alive stage='Br5292b:s1:seed1:paste2' (8920s)
[2026-07-17T19:56:19Z] ... alive stage='Br5292b:s1:seed1:paste2' (8940s)
[2026-07-17T19:56:39Z] ... alive stage='Br5292b:s1:seed1:paste2' (8960s)
[2026-07-17T19:56:59Z] ... alive stage='Br5292b:s1:seed1:paste2' (8980s)
[2026-07-17T19:57:19Z] ... alive stage='Br5292b:s1:seed1:paste2' (9000s)
[2026-07-17T19:57:39Z] ... alive stage='Br5292b:s1:seed1:paste2' (9020s)
[2026-07-17T19:57:59Z] ... alive stage='Br5292b:s1:seed1:paste2' (9040s)
[2026-07-17T19:58:19Z] ... alive stage='Br5292b:s1:seed1:paste2' (9060s)
[2026-07-17T19:58:39Z] ... alive stage='Br5292b:s1:seed1:paste2' (9080s)
[2026-07-17T19:59:00Z] ... alive stage='Br5292b:s1:seed1:paste2' (9100s)
[2026-07-17T19:59:20Z] ... alive stage='Br5292b:s1:seed1:paste2' (9120s)
[2026-07-17T19:59:40Z] ... alive stage='Br5292b:s1:seed1:paste2' (9140s)
[2026-07-17T19:59:59Z] ... alive stage='Br5292b:s1:seed1:paste2' (9160s)
[2026-07-17T20:00:19Z] ... alive stage='Br5292b:s1:seed1:paste2' (9180s)
[2026-07-17T20:00:39Z] ... alive stage='Br5292b:s1:seed1:paste2' (9200s)
[2026-07-17T20:00:59Z] ... alive stage='Br5292b:s1:seed1:paste2' (9220s)
[2026-07-17T20:01:19Z] ... alive stage='Br5292b:s1:seed1:paste2' (9240s)
[2026-07-17T20:01:39Z] ... alive stage='Br5292b:s1:seed1:paste2' (9260s)
[2026-07-17T20:01:59Z] ... alive stage='Br5292b:s1:seed1:paste2' (9280s)
[2026-07-17T20:02:02Z] [Br5292b] s1 seed1: paste2=4.39 rigid=2.44 affine=2.37 quad=2.39 (436s)
[2026-07-17T20:02:19Z] ... alive stage='Br5292b:s2:seed1:paste2' (9300s)
[2026-07-17T20:02:39Z] ... alive stage='Br5292b:s2:seed1:paste2' (9320s)
[2026-07-17T20:02:59Z] ... alive stage='Br5292b:s2:seed1:paste2' (9340s)
[2026-07-17T20:03:19Z] ... alive stage='Br5292b:s2:seed1:paste2' (9360s)
[2026-07-17T20:03:40Z] ... alive stage='Br5292b:s2:seed1:paste2' (9380s)
[2026-07-17T20:04:00Z] ... alive stage='Br5292b:s2:seed1:paste2' (9400s)
[2026-07-17T20:04:19Z] ... alive stage='Br5292b:s2:seed1:paste2' (9420s)
[2026-07-17T20:04:39Z] ... alive stage='Br5292b:s2:seed1:paste2' (9440s)
[2026-07-17T20:04:59Z] ... alive stage='Br5292b:s2:seed1:paste2' (9460s)
[2026-07-17T20:05:19Z] ... alive stage='Br5292b:s2:seed1:paste2' (9480s)
[2026-07-17T20:05:39Z] ... alive stage='Br5292b:s2:seed1:paste2' (9500s)
[2026-07-17T20:05:59Z] ... alive stage='Br5292b:s2:seed1:paste2' (9520s)
[2026-07-17T20:06:19Z] ... alive stage='Br5292b:s2:seed1:paste2' (9540s)
[2026-07-17T20:06:39Z] ... alive stage='Br5292b:s2:seed1:paste2' (9560s)
[2026-07-17T20:06:59Z] ... alive stage='Br5292b:s2:seed1:paste2' (9580s)
[2026-07-17T20:07:19Z] ... alive stage='Br5292b:s2:seed1:paste2' (9600s)
[2026-07-17T20:07:39Z] ... alive stage='Br5292b:s2:seed1:paste2' (9620s)
[2026-07-17T20:07:59Z] ... alive stage='Br5292b:s2:seed1:paste2' (9640s)
[2026-07-17T20:08:19Z] ... alive stage='Br5292b:s2:seed1:paste2' (9660s)
[2026-07-17T20:08:27Z] [Br5292b] s2 seed1: paste2=4.50 rigid=2.80 affine=2.60 quad=2.73 (385s)
[2026-07-17T20:08:40Z] ... alive stage='Br5292b:s3:seed1:paste2' (9680s)
[2026-07-17T20:09:00Z] ... alive stage='Br5292b:s3:seed1:paste2' (9700s)
[2026-07-17T20:09:20Z] ... alive stage='Br5292b:s3:seed1:paste2' (9720s)
[2026-07-17T20:09:40Z] ... alive stage='Br5292b:s3:seed1:paste2' (9740s)
[2026-07-17T20:09:59Z] ... alive stage='Br5292b:s3:seed1:paste2' (9760s)
[2026-07-17T20:10:19Z] ... alive stage='Br5292b:s3:seed1:paste2' (9780s)
[2026-07-17T20:10:39Z] ... alive stage='Br5292b:s3:seed1:paste2' (9800s)
[2026-07-17T20:10:59Z] ... alive stage='Br5292b:s3:seed1:paste2' (9820s)
[2026-07-17T20:11:19Z] ... alive stage='Br5292b:s3:seed1:paste2' (9840s)
[2026-07-17T20:11:39Z] ... alive stage='Br5292b:s3:seed1:paste2' (9860s)
[2026-07-17T20:11:59Z] ... alive stage='Br5292b:s3:seed1:paste2' (9880s)
[2026-07-17T20:12:19Z] ... alive stage='Br5292b:s3:seed1:paste2' (9900s)
[2026-07-17T20:12:39Z] ... alive stage='Br5292b:s3:seed1:paste2' (9920s)
[2026-07-17T20:12:59Z] ... alive stage='Br5292b:s3:seed1:paste2' (9940s)
[2026-07-17T20:13:19Z] ... alive stage='Br5292b:s3:seed1:paste2' (9960s)
[2026-07-17T20:13:39Z] ... alive stage='Br5292b:s3:seed1:paste2' (9980s)
[2026-07-17T20:13:59Z] ... alive stage='Br5292b:s3:seed1:paste2' (10000s)
[2026-07-17T20:14:19Z] ... alive stage='Br5292b:s3:seed1:paste2' (10020s)
[2026-07-17T20:14:36Z] [Br5292b] s3 seed1: paste2=4.57 rigid=3.32 affine=3.01 quad=3.28 (369s)
[2026-07-17T20:14:39Z] ... alive stage='Br5292b:s4:seed1:paste2' (10040s)
[2026-07-17T20:14:59Z] ... alive stage='Br5292b:s4:seed1:paste2' (10060s)
[2026-07-17T20:15:20Z] ... alive stage='Br5292b:s4:seed1:paste2' (10080s)
[2026-07-17T20:15:40Z] ... alive stage='Br5292b:s4:seed1:paste2' (10100s)
[2026-07-17T20:16:00Z] ... alive stage='Br5292b:s4:seed1:paste2' (10120s)
[2026-07-17T20:16:20Z] ... alive stage='Br5292b:s4:seed1:paste2' (10140s)
[2026-07-17T20:16:39Z] ... alive stage='Br5292b:s4:seed1:paste2' (10160s)
[2026-07-17T20:16:59Z] ... alive stage='Br5292b:s4:seed1:paste2' (10180s)
[2026-07-17T20:17:19Z] ... alive stage='Br5292b:s4:seed1:paste2' (10200s)
[2026-07-17T20:17:39Z] ... alive stage='Br5292b:s4:seed1:paste2' (10220s)
[2026-07-17T20:17:59Z] ... alive stage='Br5292b:s4:seed1:paste2' (10240s)
[2026-07-17T20:18:19Z] ... alive stage='Br5292b:s4:seed1:paste2' (10260s)
[2026-07-17T20:18:39Z] ... alive stage='Br5292b:s4:seed1:paste2' (10280s)
[2026-07-17T20:18:59Z] ... alive stage='Br5292b:s4:seed1:paste2' (10300s)
[2026-07-17T20:19:19Z] ... alive stage='Br5292b:s4:seed1:paste2' (10320s)
[2026-07-17T20:19:39Z] ... alive stage='Br5292b:s4:seed1:paste2' (10340s)
[2026-07-17T20:19:59Z] ... alive stage='Br5292b:s4:seed1:paste2' (10360s)
[2026-07-17T20:20:19Z] ... alive stage='Br5292b:s4:seed1:paste2' (10380s)
[2026-07-17T20:20:39Z] ... alive stage='Br5292b:s4:seed1:paste2' (10400s)
[2026-07-17T20:20:59Z] ... alive stage='Br5292b:s4:seed1:paste2' (10420s)
[2026-07-17T20:21:19Z] ... alive stage='Br5292b:s4:seed1:paste2' (10440s)
[2026-07-17T20:21:39Z] ... alive stage='Br5292b:s4:seed1:paste2' (10460s)
[2026-07-17T20:21:54Z] [Br5292b] s4 seed1: paste2=4.78 rigid=3.84 affine=3.43 quad=3.82 (438s)
[2026-07-17T20:21:59Z] ... alive stage='Br5292b:s6:seed1:paste2' (10480s)
[2026-07-17T20:22:19Z] ... alive stage='Br5292b:s6:seed1:paste2' (10500s)
[2026-07-17T20:22:39Z] ... alive stage='Br5292b:s6:seed1:paste2' (10520s)
[2026-07-17T20:22:59Z] ... alive stage='Br5292b:s6:seed1:paste2' (10540s)
[2026-07-17T20:23:20Z] ... alive stage='Br5292b:s6:seed1:paste2' (10560s)
[2026-07-17T20:23:40Z] ... alive stage='Br5292b:s6:seed1:paste2' (10580s)
[2026-07-17T20:24:00Z] ... alive stage='Br5292b:s6:seed1:paste2' (10600s)
[2026-07-17T20:24:20Z] ... alive stage='Br5292b:s6:seed1:paste2' (10620s)
[2026-07-17T20:24:39Z] ... alive stage='Br5292b:s6:seed1:paste2' (10640s)
[2026-07-17T20:24:59Z] ... alive stage='Br5292b:s6:seed1:paste2' (10660s)
[2026-07-17T20:25:19Z] ... alive stage='Br5292b:s6:seed1:paste2' (10680s)
[2026-07-17T20:25:39Z] ... alive stage='Br5292b:s6:seed1:paste2' (10700s)
[2026-07-17T20:25:59Z] ... alive stage='Br5292b:s6:seed1:paste2' (10720s)
[2026-07-17T20:26:19Z] ... alive stage='Br5292b:s6:seed1:paste2' (10740s)
[2026-07-17T20:26:39Z] ... alive stage='Br5292b:s6:seed1:paste2' (10760s)
[2026-07-17T20:26:59Z] ... alive stage='Br5292b:s6:seed1:paste2' (10780s)
[2026-07-17T20:27:19Z] ... alive stage='Br5292b:s6:seed1:paste2' (10800s)
[2026-07-17T20:27:39Z] ... alive stage='Br5292b:s6:seed1:paste2' (10820s)
[2026-07-17T20:27:59Z] ... alive stage='Br5292b:s6:seed1:paste2' (10840s)
[2026-07-17T20:28:19Z] ... alive stage='Br5292b:s6:seed1:paste2' (10860s)
[2026-07-17T20:28:39Z] ... alive stage='Br5292b:s6:seed1:paste2' (10880s)
[2026-07-17T20:28:59Z] ... alive stage='Br5292b:s6:seed1:paste2' (10900s)
[2026-07-17T20:29:20Z] ... alive stage='Br5292b:s6:seed1:paste2' (10920s)
[2026-07-17T20:29:40Z] ... alive stage='Br5292b:s6:seed1:paste2' (10940s)
[2026-07-17T20:30:00Z] ... alive stage='Br5292b:s6:seed1:paste2' (10960s)
[2026-07-17T20:30:20Z] ... alive stage='Br5292b:s6:seed1:paste2' (10980s)
[2026-07-17T20:30:40Z] ... alive stage='Br5292b:s6:seed1:paste2' (11000s)
[2026-07-17T20:30:59Z] ... alive stage='Br5292b:s6:seed1:paste2' (11020s)
[2026-07-17T20:31:19Z] ... alive stage='Br5292b:s6:seed1:paste2' (11040s)
[2026-07-17T20:31:38Z] [Br5292b] s6 seed1: paste2=5.14 rigid=4.72 affine=4.30 quad=4.63 (583s)
[2026-07-17T20:31:39Z] ... alive stage='Br5292b:s8:seed1:paste2' (11060s)
[2026-07-17T20:31:59Z] ... alive stage='Br5292b:s8:seed1:paste2' (11080s)
[2026-07-17T20:32:19Z] ... alive stage='Br5292b:s8:seed1:paste2' (11100s)
[2026-07-17T20:32:39Z] ... alive stage='Br5292b:s8:seed1:paste2' (11120s)
[2026-07-17T20:32:59Z] ... alive stage='Br5292b:s8:seed1:paste2' (11140s)
[2026-07-17T20:33:20Z] ... alive stage='Br5292b:s8:seed1:paste2' (11160s)
[2026-07-17T20:33:40Z] ... alive stage='Br5292b:s8:seed1:paste2' (11180s)
[2026-07-17T20:33:59Z] ... alive stage='Br5292b:s8:seed1:paste2' (11200s)
[2026-07-17T20:34:19Z] ... alive stage='Br5292b:s8:seed1:paste2' (11220s)
[2026-07-17T20:34:39Z] ... alive stage='Br5292b:s8:seed1:paste2' (11240s)
[2026-07-17T20:34:59Z] ... alive stage='Br5292b:s8:seed1:paste2' (11260s)
[2026-07-17T20:35:19Z] ... alive stage='Br5292b:s8:seed1:paste2' (11280s)
[2026-07-17T20:35:39Z] ... alive stage='Br5292b:s8:seed1:paste2' (11300s)
[2026-07-17T20:35:59Z] ... alive stage='Br5292b:s8:seed1:paste2' (11320s)
[2026-07-17T20:36:19Z] ... alive stage='Br5292b:s8:seed1:paste2' (11340s)
[2026-07-17T20:36:39Z] ... alive stage='Br5292b:s8:seed1:paste2' (11360s)
[2026-07-17T20:36:59Z] ... alive stage='Br5292b:s8:seed1:paste2' (11380s)
[2026-07-17T20:37:19Z] ... alive stage='Br5292b:s8:seed1:paste2' (11400s)
[2026-07-17T20:37:40Z] ... alive stage='Br5292b:s8:seed1:paste2' (11420s)
[2026-07-17T20:38:00Z] ... alive stage='Br5292b:s8:seed1:paste2' (11440s)
[2026-07-17T20:38:20Z] ... alive stage='Br5292b:s8:seed1:paste2' (11460s)
[2026-07-17T20:38:40Z] ... alive stage='Br5292b:s8:seed1:paste2' (11480s)
[2026-07-17T20:38:59Z] ... alive stage='Br5292b:s8:seed1:paste2' (11500s)
[2026-07-17T20:39:19Z] ... alive stage='Br5292b:s8:seed1:paste2' (11520s)
[2026-07-17T20:39:39Z] ... alive stage='Br5292b:s8:seed1:paste2' (11540s)
[2026-07-17T20:39:59Z] ... alive stage='Br5292b:s8:seed1:paste2' (11560s)
[2026-07-17T20:40:19Z] ... alive stage='Br5292b:s8:seed1:paste2' (11580s)
[2026-07-17T20:40:39Z] ... alive stage='Br5292b:s8:seed1:paste2' (11600s)
[2026-07-17T20:40:59Z] ... alive stage='Br5292b:s8:seed1:paste2' (11620s)
[2026-07-17T20:41:19Z] ... alive stage='Br5292b:s8:seed1:paste2' (11640s)
[2026-07-17T20:41:39Z] ... alive stage='Br5292b:s8:seed1:paste2' (11660s)
[2026-07-17T20:41:59Z] ... alive stage='Br5292b:s8:seed1:paste2' (11680s)
[2026-07-17T20:42:19Z] ... alive stage='Br5292b:s8:seed1:paste2' (11700s)
[2026-07-17T20:42:39Z] ... alive stage='Br5292b:s8:seed1:paste2' (11720s)
[2026-07-17T20:42:59Z] ... alive stage='Br5292b:s8:seed1:paste2' (11740s)
[2026-07-17T20:43:20Z] ... alive stage='Br5292b:s8:seed1:paste2' (11760s)
[2026-07-17T20:43:40Z] ... alive stage='Br5292b:s8:seed1:paste2' (11780s)
[2026-07-17T20:43:59Z] ... alive stage='Br5292b:s8:seed1:paste2' (11800s)
[2026-07-17T20:44:19Z] ... alive stage='Br5292b:s8:seed1:paste2' (11820s)
[2026-07-17T20:44:39Z] ... alive stage='Br5292b:s8:seed1:paste2' (11840s)
[2026-07-17T20:44:59Z] ... alive stage='Br5292b:s8:seed1:paste2' (11860s)
[2026-07-17T20:45:19Z] ... alive stage='Br5292b:s8:seed1:paste2' (11880s)
[2026-07-17T20:45:39Z] ... alive stage='Br5292b:s8:seed1:paste2' (11900s)
[2026-07-17T20:45:59Z] ... alive stage='Br5292b:s8:seed1:paste2' (11920s)
[2026-07-17T20:46:19Z] ... alive stage='Br5292b:s8:seed1:paste2' (11940s)
[2026-07-17T20:46:38Z] [Br5292b] s8 seed1 PASTE2 FAILED/timeout: TimeoutError('exceeded 900s')
[2026-07-17T20:46:39Z] ... alive stage='Br5595b:build' (11960s)
[2026-07-17T20:46:41Z] [Br5595b] built (dlpfc_cross): A=4110 B=4015 pitch=137.0 bridge=92%
[2026-07-17T20:46:59Z] ... alive stage='Br5595b:s0:seed1:paste2' (11980s)
