[2026-07-17T17:27:19Z] ================================================================================
[2026-07-17T17:27:19Z] hybrid_robustness START datasets=['Br5292b', 'Br5595b', 'Br8100b'] seeds=[0, 1] smoke=False
[2026-07-17T17:27:19Z] gate=gate_refine ['gated_rigid', 'gated_affine', 'gated_quad'] | subsample(self)=3000 | cache=C:\Users\karti\arca\research\results\paste2_cache
[2026-07-17T17:27:19Z] ================================================================================
[2026-07-17T17:27:19Z] [Br5292b] built (dlpfc_cross): A=4789 B=4634 pitch=139.0 bridge=100%
Filtered all slices for common genes. There are 33538 common genes.
PASTE2 starts...
[2026-07-17T17:27:39Z] ... alive stage='Br5292b:s0:seed0:paste2' (20s)
[2026-07-17T17:27:59Z] ... alive stage='Br5292b:s0:seed0:paste2' (40s)
[2026-07-17T17:28:19Z] ... alive stage='Br5292b:s0:seed0:paste2' (60s)
[2026-07-17T17:28:39Z] ... alive stage='Br5292b:s0:seed0:paste2' (80s)
[2026-07-17T17:28:59Z] ... alive stage='Br5292b:s0:seed0:paste2' (100s)
[2026-07-17T17:29:19Z] ... alive stage='Br5292b:s0:seed0:paste2' (120s)
[2026-07-17T17:29:39Z] ... alive stage='Br5292b:s0:seed0:paste2' (140s)
[2026-07-17T17:29:59Z] ... alive stage='Br5292b:s0:seed0:paste2' (160s)
[2026-07-17T17:30:19Z] ... alive stage='Br5292b:s0:seed0:paste2' (180s)
[2026-07-17T17:30:39Z] ... alive stage='Br5292b:s0:seed0:paste2' (200s)
[2026-07-17T17:30:59Z] ... alive stage='Br5292b:s0:seed0:paste2' (220s)
[2026-07-17T17:31:19Z] ... alive stage='Br5292b:s0:seed0:paste2' (240s)
[2026-07-17T17:31:39Z] ... alive stage='Br5292b:s0:seed0:paste2' (260s)
[2026-07-17T17:32:00Z] ... alive stage='Br5292b:s0:seed0:paste2' (280s)
[2026-07-17T17:32:19Z] ... alive stage='Br5292b:s0:seed0:paste2' (300s)
[2026-07-17T17:32:39Z] ... alive stage='Br5292b:s0:seed0:paste2' (320s)
[2026-07-17T17:32:51Z] [Br5292b] s0 seed0: paste2=4.40 rigid=2.45 affine=2.37 quad=2.41 (332s)
Filtered all slices for common genes. There are 33538 common genes.
PASTE2 starts...
[2026-07-17T17:32:59Z] ... alive stage='Br5292b:s1:seed0:paste2' (340s)
[2026-07-17T17:33:19Z] ... alive stage='Br5292b:s1:seed0:paste2' (360s)
[2026-07-17T17:33:39Z] ... alive stage='Br5292b:s1:seed0:paste2' (380s)
[2026-07-17T17:33:59Z] ... alive stage='Br5292b:s1:seed0:paste2' (400s)
[2026-07-17T17:34:19Z] ... alive stage='Br5292b:s1:seed0:paste2' (420s)
[2026-07-17T17:34:40Z] ... alive stage='Br5292b:s1:seed0:paste2' (440s)
[2026-07-17T17:35:00Z] ... alive stage='Br5292b:s1:seed0:paste2' (460s)
[2026-07-17T17:35:19Z] ... alive stage='Br5292b:s1:seed0:paste2' (480s)
[2026-07-17T17:35:39Z] ... alive stage='Br5292b:s1:seed0:paste2' (500s)
[2026-07-17T17:35:59Z] ... alive stage='Br5292b:s1:seed0:paste2' (520s)
[2026-07-17T17:36:19Z] ... alive stage='Br5292b:s1:seed0:paste2' (540s)
[2026-07-17T17:36:39Z] ... alive stage='Br5292b:s1:seed0:paste2' (560s)
[2026-07-17T17:36:54Z] [Br5292b] s1 seed0: paste2=4.40 rigid=2.52 affine=2.37 quad=2.41 (243s)
Filtered all slices for common genes. There are 33538 common genes.
PASTE2 starts...
[2026-07-17T17:36:59Z] ... alive stage='Br5292b:s2:seed0:paste2' (580s)
[2026-07-17T17:37:19Z] ... alive stage='Br5292b:s2:seed0:paste2' (600s)
[2026-07-17T17:37:39Z] ... alive stage='Br5292b:s2:seed0:paste2' (620s)
[2026-07-17T17:38:00Z] ... alive stage='Br5292b:s2:seed0:paste2' (640s)
[2026-07-17T17:38:20Z] ... alive stage='Br5292b:s2:seed0:paste2' (660s)
[2026-07-17T17:38:59Z] ... alive stage='Br5292b:s2:seed0:paste2' (700s)
[2026-07-17T17:39:19Z] ... alive stage='Br5292b:s2:seed0:paste2' (720s)
[2026-07-17T17:39:39Z] ... alive stage='Br5292b:s2:seed0:paste2' (740s)
[2026-07-17T17:39:59Z] ... alive stage='Br5292b:s2:seed0:paste2' (760s)
[2026-07-17T17:40:19Z] ... alive stage='Br5292b:s2:seed0:paste2' (780s)
[2026-07-17T17:40:39Z] ... alive stage='Br5292b:s2:seed0:paste2' (800s)
[2026-07-17T17:40:59Z] ... alive stage='Br5292b:s2:seed0:paste2' (820s)
[2026-07-17T17:41:19Z] ... alive stage='Br5292b:s2:seed0:paste2' (840s)
[2026-07-17T17:41:39Z] ... alive stage='Br5292b:s2:seed0:paste2' (860s)
[2026-07-17T17:41:59Z] ... alive stage='Br5292b:s2:seed0:paste2' (880s)
[2026-07-17T17:42:20Z] ... alive stage='Br5292b:s2:seed0:paste2' (900s)
[2026-07-17T17:42:31Z] [Br5292b] s2 seed0: paste2=4.51 rigid=3.16 affine=2.63 quad=2.79 (337s)
Filtered all slices for common genes. There are 33538 common genes.
PASTE2 starts...
[2026-07-17T17:42:40Z] ... alive stage='Br5292b:s3:seed0:paste2' (920s)
[2026-07-17T17:42:59Z] ... alive stage='Br5292b:s3:seed0:paste2' (940s)
[2026-07-17T17:43:19Z] ... alive stage='Br5292b:s3:seed0:paste2' (960s)
[2026-07-17T17:43:39Z] ... alive stage='Br5292b:s3:seed0:paste2' (980s)
[2026-07-17T17:43:59Z] ... alive stage='Br5292b:s3:seed0:paste2' (1000s)
[2026-07-17T17:44:19Z] ... alive stage='Br5292b:s3:seed0:paste2' (1020s)
[2026-07-17T17:44:39Z] ... alive stage='Br5292b:s3:seed0:paste2' (1040s)
[2026-07-17T17:44:59Z] ... alive stage='Br5292b:s3:seed0:paste2' (1060s)
[2026-07-17T17:45:19Z] ... alive stage='Br5292b:s3:seed0:paste2' (1080s)
[2026-07-17T17:45:39Z] ... alive stage='Br5292b:s3:seed0:paste2' (1100s)
[2026-07-17T17:45:59Z] ... alive stage='Br5292b:s3:seed0:paste2' (1120s)
[2026-07-17T17:46:20Z] ... alive stage='Br5292b:s3:seed0:paste2' (1140s)
[2026-07-17T17:46:40Z] ... alive stage='Br5292b:s3:seed0:paste2' (1160s)
[2026-07-17T17:47:00Z] ... alive stage='Br5292b:s3:seed0:paste2' (1180s)
[2026-07-17T17:47:20Z] ... alive stage='Br5292b:s3:seed0:paste2' (1200s)
[2026-07-17T17:47:39Z] ... alive stage='Br5292b:s3:seed0:paste2' (1220s)
[2026-07-17T17:47:59Z] ... alive stage='Br5292b:s3:seed0:paste2' (1240s)
[2026-07-17T17:48:19Z] ... alive stage='Br5292b:s3:seed0:paste2' (1260s)
[2026-07-17T17:48:39Z] ... alive stage='Br5292b:s3:seed0:paste2' (1280s)
[2026-07-17T17:48:59Z] ... alive stage='Br5292b:s3:seed0:paste2' (1300s)
[2026-07-17T17:49:19Z] ... alive stage='Br5292b:s3:seed0:paste2' (1320s)
[2026-07-17T17:49:39Z] ... alive stage='Br5292b:s3:seed0:paste2' (1340s)
[2026-07-17T17:49:59Z] ... alive stage='Br5292b:s3:seed0:paste2' (1360s)
[2026-07-17T17:50:19Z] ... alive stage='Br5292b:s3:seed0:paste2' (1380s)
[2026-07-17T17:50:39Z] ... alive stage='Br5292b:s3:seed0:paste2' (1400s)
[2026-07-17T17:50:59Z] ... alive stage='Br5292b:s3:seed0:paste2' (1420s)
[2026-07-17T17:51:20Z] ... alive stage='Br5292b:s3:seed0:paste2' (1440s)
[2026-07-17T17:51:40Z] ... alive stage='Br5292b:s3:seed0:paste2' (1460s)
[2026-07-17T17:51:59Z] ... alive stage='Br5292b:s3:seed0:paste2' (1480s)
[2026-07-17T17:52:00Z] [Br5292b] s3 seed0: paste2=4.64 rigid=3.77 affine=3.00 quad=3.22 (569s)
Filtered all slices for common genes. There are 33538 common genes.
PASTE2 starts...
[2026-07-17T17:52:19Z] ... alive stage='Br5292b:s4:seed0:paste2' (1500s)
[2026-07-17T17:52:39Z] ... alive stage='Br5292b:s4:seed0:paste2' (1520s)
[2026-07-17T17:52:59Z] ... alive stage='Br5292b:s4:seed0:paste2' (1540s)
[2026-07-17T17:53:19Z] ... alive stage='Br5292b:s4:seed0:paste2' (1560s)
[2026-07-17T17:53:39Z] ... alive stage='Br5292b:s4:seed0:paste2' (1580s)
[2026-07-17T17:53:59Z] ... alive stage='Br5292b:s4:seed0:paste2' (1600s)
[2026-07-17T17:54:19Z] ... alive stage='Br5292b:s4:seed0:paste2' (1620s)
[2026-07-17T17:54:39Z] ... alive stage='Br5292b:s4:seed0:paste2' (1640s)
[2026-07-17T17:54:59Z] ... alive stage='Br5292b:s4:seed0:paste2' (1660s)
[2026-07-17T17:55:19Z] ... alive stage='Br5292b:s4:seed0:paste2' (1680s)
[2026-07-17T17:55:39Z] ... alive stage='Br5292b:s4:seed0:paste2' (1700s)
[2026-07-17T17:56:00Z] ... alive stage='Br5292b:s4:seed0:paste2' (1720s)
[2026-07-17T17:56:20Z] ... alive stage='Br5292b:s4:seed0:paste2' (1740s)
[2026-07-17T17:56:40Z] ... alive stage='Br5292b:s4:seed0:paste2' (1760s)
[2026-07-17T17:56:59Z] ... alive stage='Br5292b:s4:seed0:paste2' (1780s)
[2026-07-17T17:57:19Z] ... alive stage='Br5292b:s4:seed0:paste2' (1800s)
[2026-07-17T17:57:39Z] ... alive stage='Br5292b:s4:seed0:paste2' (1820s)
[2026-07-17T17:57:59Z] ... alive stage='Br5292b:s4:seed0:paste2' (1840s)
[2026-07-17T17:58:19Z] ... alive stage='Br5292b:s4:seed0:paste2' (1860s)
[2026-07-17T17:58:39Z] ... alive stage='Br5292b:s4:seed0:paste2' (1880s)
[2026-07-17T17:58:59Z] ... alive stage='Br5292b:s4:seed0:paste2' (1900s)
[2026-07-17T17:59:19Z] ... alive stage='Br5292b:s4:seed0:paste2' (1920s)
[2026-07-17T17:59:39Z] ... alive stage='Br5292b:s4:seed0:paste2' (1940s)
[2026-07-17T17:59:59Z] ... alive stage='Br5292b:s4:seed0:paste2' (1960s)
[2026-07-17T18:00:20Z] ... alive stage='Br5292b:s4:seed0:paste2' (1980s)
[2026-07-17T18:00:40Z] ... alive stage='Br5292b:s4:seed0:paste2' (2000s)
[2026-07-17T18:00:59Z] ... alive stage='Br5292b:s4:seed0:paste2' (2020s)
[2026-07-17T18:01:19Z] ... alive stage='Br5292b:s4:seed0:paste2' (2040s)
[2026-07-17T18:01:39Z] ... alive stage='Br5292b:s4:seed0:paste2' (2060s)
[2026-07-17T18:01:59Z] ... alive stage='Br5292b:s4:seed0:paste2' (2080s)
[2026-07-17T18:02:19Z] ... alive stage='Br5292b:s4:seed0:paste2' (2100s)
[2026-07-17T18:02:39Z] ... alive stage='Br5292b:s4:seed0:paste2' (2120s)
[2026-07-17T18:02:41Z] [Br5292b] s4 seed0: paste2=4.83 rigid=4.29 affine=3.42 quad=3.62 (642s)
Filtered all slices for common genes. There are 33538 common genes.
PASTE2 starts...
[2026-07-17T18:02:59Z] ... alive stage='Br5292b:s6:seed0:paste2' (2140s)
[2026-07-17T18:03:20Z] ... alive stage='Br5292b:s6:seed0:paste2' (2160s)
[2026-07-17T18:03:40Z] ... alive stage='Br5292b:s6:seed0:paste2' (2180s)
[2026-07-17T18:03:59Z] ... alive stage='Br5292b:s6:seed0:paste2' (2200s)
[2026-07-17T18:04:19Z] ... alive stage='Br5292b:s6:seed0:paste2' (2220s)
[2026-07-17T18:04:39Z] ... alive stage='Br5292b:s6:seed0:paste2' (2240s)
[2026-07-17T18:04:59Z] ... alive stage='Br5292b:s6:seed0:paste2' (2260s)
[2026-07-17T18:05:19Z] ... alive stage='Br5292b:s6:seed0:paste2' (2280s)
[2026-07-17T18:05:39Z] ... alive stage='Br5292b:s6:seed0:paste2' (2300s)
[2026-07-17T18:06:00Z] ... alive stage='Br5292b:s6:seed0:paste2' (2320s)
[2026-07-17T18:06:20Z] ... alive stage='Br5292b:s6:seed0:paste2' (2340s)
[2026-07-17T18:06:39Z] ... alive stage='Br5292b:s6:seed0:paste2' (2360s)
[2026-07-17T18:06:59Z] ... alive stage='Br5292b:s6:seed0:paste2' (2380s)
[2026-07-17T18:07:19Z] ... alive stage='Br5292b:s6:seed0:paste2' (2400s)
[2026-07-17T18:07:39Z] ... alive stage='Br5292b:s6:seed0:paste2' (2420s)
[2026-07-17T18:07:59Z] ... alive stage='Br5292b:s6:seed0:paste2' (2440s)
[2026-07-17T18:08:19Z] ... alive stage='Br5292b:s6:seed0:paste2' (2460s)
[2026-07-17T18:08:39Z] ... alive stage='Br5292b:s6:seed0:paste2' (2480s)
[2026-07-17T18:08:59Z] ... alive stage='Br5292b:s6:seed0:paste2' (2500s)
[2026-07-17T18:09:20Z] ... alive stage='Br5292b:s6:seed0:paste2' (2520s)
[2026-07-17T18:09:40Z] ... alive stage='Br5292b:s6:seed0:paste2' (2540s)
[2026-07-17T18:10:00Z] ... alive stage='Br5292b:s6:seed0:paste2' (2560s)
[2026-07-17T18:10:19Z] ... alive stage='Br5292b:s6:seed0:paste2' (2580s)
[2026-07-17T18:10:39Z] ... alive stage='Br5292b:s6:seed0:paste2' (2600s)
[2026-07-17T18:10:59Z] ... alive stage='Br5292b:s6:seed0:paste2' (2620s)
[2026-07-17T18:11:19Z] ... alive stage='Br5292b:s6:seed0:paste2' (2640s)
[2026-07-17T18:11:39Z] ... alive stage='Br5292b:s6:seed0:paste2' (2660s)
[2026-07-17T18:11:59Z] ... alive stage='Br5292b:s6:seed0:paste2' (2680s)
[2026-07-17T18:12:19Z] ... alive stage='Br5292b:s6:seed0:paste2' (2700s)
[2026-07-17T18:12:40Z] ... alive stage='Br5292b:s6:seed0:paste2' (2720s)
[2026-07-17T18:13:00Z] ... alive stage='Br5292b:s6:seed0:paste2' (2740s)
[2026-07-17T18:13:19Z] ... alive stage='Br5292b:s6:seed0:paste2' (2760s)
[2026-07-17T18:13:39Z] ... alive stage='Br5292b:s6:seed0:paste2' (2780s)
[2026-07-17T18:13:59Z] ... alive stage='Br5292b:s6:seed0:paste2' (2800s)
[2026-07-17T18:14:19Z] ... alive stage='Br5292b:s6:seed0:paste2' (2820s)
[2026-07-17T18:14:39Z] ... alive stage='Br5292b:s6:seed0:paste2' (2840s)
[2026-07-17T18:14:59Z] ... alive stage='Br5292b:s6:seed0:paste2' (2860s)
[2026-07-17T18:15:19Z] ... alive stage='Br5292b:s6:seed0:paste2' (2880s)
[2026-07-17T18:15:39Z] ... alive stage='Br5292b:s6:seed0:paste2' (2900s)
[2026-07-17T18:15:44Z] [Br5292b] s6 seed0: paste2=5.18 rigid=5.03 affine=4.24 quad=4.39 (783s)
Filtered all slices for common genes. There are 33538 common genes.
PASTE2 starts...
[2026-07-17T18:15:59Z] ... alive stage='Br5292b:s8:seed0:paste2' (2920s)
[2026-07-17T18:16:19Z] ... alive stage='Br5292b:s8:seed0:paste2' (2940s)
[2026-07-17T18:16:39Z] ... alive stage='Br5292b:s8:seed0:paste2' (2960s)
[2026-07-17T18:17:00Z] ... alive stage='Br5292b:s8:seed0:paste2' (2980s)
[2026-07-17T18:17:20Z] ... alive stage='Br5292b:s8:seed0:paste2' (3000s)
[2026-07-17T18:17:40Z] ... alive stage='Br5292b:s8:seed0:paste2' (3020s)
[2026-07-17T18:17:59Z] ... alive stage='Br5292b:s8:seed0:paste2' (3040s)
[2026-07-17T18:18:19Z] ... alive stage='Br5292b:s8:seed0:paste2' (3060s)
[2026-07-17T18:18:39Z] ... alive stage='Br5292b:s8:seed0:paste2' (3080s)
[2026-07-17T18:18:59Z] ... alive stage='Br5292b:s8:seed0:paste2' (3100s)
[2026-07-17T18:19:19Z] ... alive stage='Br5292b:s8:seed0:paste2' (3120s)
[2026-07-17T18:19:39Z] ... alive stage='Br5292b:s8:seed0:paste2' (3140s)
[2026-07-17T18:19:59Z] ... alive stage='Br5292b:s8:seed0:paste2' (3160s)
[2026-07-17T18:20:19Z] ... alive stage='Br5292b:s8:seed0:paste2' (3180s)
[2026-07-17T18:20:39Z] ... alive stage='Br5292b:s8:seed0:paste2' (3200s)
[2026-07-17T18:20:59Z] ... alive stage='Br5292b:s8:seed0:paste2' (3220s)
[2026-07-17T18:21:19Z] ... alive stage='Br5292b:s8:seed0:paste2' (3240s)
[2026-07-17T18:21:39Z] ... alive stage='Br5292b:s8:seed0:paste2' (3260s)
[2026-07-17T18:21:59Z] ... alive stage='Br5292b:s8:seed0:paste2' (3280s)
[2026-07-17T18:22:20Z] ... alive stage='Br5292b:s8:seed0:paste2' (3300s)
[2026-07-17T18:22:40Z] ... alive stage='Br5292b:s8:seed0:paste2' (3320s)
[2026-07-17T18:23:00Z] ... alive stage='Br5292b:s8:seed0:paste2' (3340s)
[2026-07-17T18:23:20Z] ... alive stage='Br5292b:s8:seed0:paste2' (3360s)
[2026-07-17T18:23:39Z] ... alive stage='Br5292b:s8:seed0:paste2' (3380s)
[2026-07-17T18:23:59Z] ... alive stage='Br5292b:s8:seed0:paste2' (3400s)
[2026-07-17T18:24:19Z] ... alive stage='Br5292b:s8:seed0:paste2' (3420s)
[2026-07-17T18:24:39Z] ... alive stage='Br5292b:s8:seed0:paste2' (3440s)
[2026-07-17T18:24:59Z] ... alive stage='Br5292b:s8:seed0:paste2' (3460s)
[2026-07-17T18:25:19Z] ... alive stage='Br5292b:s8:seed0:paste2' (3480s)
[2026-07-17T18:25:39Z] ... alive stage='Br5292b:s8:seed0:paste2' (3500s)
[2026-07-17T18:25:59Z] ... alive stage='Br5292b:s8:seed0:paste2' (3520s)
[2026-07-17T18:26:19Z] ... alive stage='Br5292b:s8:seed0:paste2' (3540s)
[2026-07-17T18:26:39Z] ... alive stage='Br5292b:s8:seed0:paste2' (3560s)
[2026-07-17T18:26:59Z] ... alive stage='Br5292b:s8:seed0:paste2' (3580s)
[2026-07-17T18:27:19Z] ... alive stage='Br5292b:s8:seed0:paste2' (3600s)
[2026-07-17T18:27:39Z] ... alive stage='Br5292b:s8:seed0:paste2' (3620s)
[2026-07-17T18:27:59Z] ... alive stage='Br5292b:s8:seed0:paste2' (3640s)
[2026-07-17T18:28:19Z] ... alive stage='Br5292b:s8:seed0:paste2' (3660s)
[2026-07-17T18:28:39Z] ... alive stage='Br5292b:s8:seed0:paste2' (3680s)
[2026-07-17T18:29:00Z] ... alive stage='Br5292b:s8:seed0:paste2' (3700s)
[2026-07-17T18:29:20Z] ... alive stage='Br5292b:s8:seed0:paste2' (3720s)
[2026-07-17T18:29:40Z] ... alive stage='Br5292b:s8:seed0:paste2' (3740s)
[2026-07-17T18:29:59Z] ... alive stage='Br5292b:s8:seed0:paste2' (3760s)
[2026-07-17T18:30:19Z] ... alive stage='Br5292b:s8:seed0:paste2' (3780s)
[2026-07-17T18:30:39Z] ... alive stage='Br5292b:s8:seed0:paste2' (3800s)
[2026-07-17T18:30:44Z] [Br5292b] s8 seed0 PASTE2 FAILED/timeout: TimeoutError('exceeded 900s')
[2026-07-17T18:30:46Z] [Br5595b] built (dlpfc_cross): A=4110 B=4015 pitch=137.0 bridge=92%
Filtered all slices for common genes. There are 33538 common genes.
PASTE2 starts...
[2026-07-17T18:30:59Z] ... alive stage='Br5595b:s0:seed0:paste2' (3820s)
[2026-07-17T18:31:19Z] ... alive stage='Br5595b:s0:seed0:paste2' (3840s)
[2026-07-17T18:31:39Z] ... alive stage='Br5595b:s0:seed0:paste2' (3860s)
