[2026-07-18T08:47:16Z] ================================================================================
[2026-07-18T08:47:16Z] speed_opt START phases=['D'] datasets=['Br8100'] seeds=[0] smoke=True threads=4
[2026-07-18T08:47:16Z] numItermax=300 stopThr=1e-06 timeout=900s
[2026-07-18T08:47:16Z] ================================================================================
[2026-07-18T08:47:16Z] === PHASE D (caching) ===
[2026-07-18T08:47:20Z] Phase D: chain dist-matrix naive=0.34s cached=0.25s (save 28%); pca_cost/pair=2.51s
[2026-07-18T08:47:20Z] speed_opt DONE total=4s -> C:\Users\karti\arca\research\results\speed_opt.csv
[2026-07-18T08:47:20Z] DONE
[2026-07-18T08:47:43Z] resume: 3 rows already present
[2026-07-18T08:47:43Z] ================================================================================
[2026-07-18T08:47:43Z] speed_opt START phases=['E'] datasets=['Br8100'] seeds=[0] smoke=True threads=4
[2026-07-18T08:47:43Z] numItermax=300 stopThr=1e-06 timeout=900s
[2026-07-18T08:47:43Z] ================================================================================
[2026-07-18T08:47:43Z] === PHASE E (parallel) sev=4.0 seed=0 N=800 ===
[2026-07-18T08:48:03Z] ... alive stage='E:seq4' (20s)
[2026-07-18T08:48:23Z] ... alive stage='E:par4' (40s)
[2026-07-18T08:48:35Z] Phase E chain=4: serial=27s parallel(4w)=25s -> 1.11x
[2026-07-18T08:48:43Z] ... alive stage='E:seq8' (60s)
[2026-07-18T08:49:03Z] ... alive stage='E:seq8' (80s)
[2026-07-18T08:49:23Z] ... alive stage='E:par8' (100s)
[2026-07-18T08:49:43Z] ... alive stage='E:par8' (120s)
[2026-07-18T08:50:01Z] Phase E chain=8: serial=46s parallel(8w)=40s -> 1.14x
[2026-07-18T08:50:03Z] ... alive stage='E:seq12' (140s)
[2026-07-18T08:50:23Z] ... alive stage='E:seq12' (160s)
[2026-07-18T08:50:43Z] ... alive stage='E:par12' (180s)
[2026-07-18T08:51:04Z] ... alive stage='E:par12' (200s)
[2026-07-18T08:51:23Z] ... alive stage='E:par12' (220s)
[2026-07-18T08:51:24Z] Phase E chain=12: serial=41s parallel(8w)=42s -> 0.98x
[2026-07-18T08:51:24Z] === PHASE E done ===
[2026-07-18T08:51:24Z] speed_opt DONE total=221s -> C:\Users\karti\arca\research\results\speed_opt.csv
[2026-07-18T08:51:24Z] DONE
