[2026-07-18T08:47:06Z] ================================================================================
[2026-07-18T08:47:06Z] tear_detect_scan START smoke=False csv=C:\Users\karti\arca\research\results\tear_detect.csv
[2026-07-18T08:47:06Z] resuming: 0 rows already present
[2026-07-18T08:47:06Z] scanning 40 real sections ...
[2026-07-18T08:47:10Z] [real] DLPFC_151507 (dlpfc): score=0.000 none voids=0 folds=0 tears=0 (3s)
[2026-07-18T08:47:11Z] [real] DLPFC_151508 (dlpfc): score=0.044 mild voids=2 folds=0 tears=2 (2s)
[2026-07-18T08:47:13Z] [real] DLPFC_151509 (dlpfc): score=0.000 none voids=0 folds=0 tears=0 (2s)
[2026-07-18T08:47:15Z] [real] DLPFC_151510 (dlpfc): score=0.001 mild voids=0 folds=1 tears=0 (2s)
[2026-07-18T08:47:16Z] [real] DLPFC_151669 (dlpfc): score=0.028 mild voids=1 folds=0 tears=1 (2s)
[2026-07-18T08:47:18Z] [real] DLPFC_151670 (dlpfc): score=0.000 none voids=0 folds=0 tears=0 (2s)
[2026-07-18T08:47:20Z] [real] DLPFC_151671 (dlpfc): score=0.001 mild voids=0 folds=1 tears=0 (2s)
[2026-07-18T08:47:22Z] [real] DLPFC_151672 (dlpfc): score=0.000 none voids=0 folds=0 tears=0 (2s)
[2026-07-18T08:47:23Z] [real] DLPFC_151673 (dlpfc): score=0.032 mild voids=1 folds=0 tears=1 (1s)
[2026-07-18T08:47:24Z] [real] DLPFC_151674 (dlpfc): score=0.053 moderate voids=1 folds=0 tears=1 (1s)
[2026-07-18T08:47:26Z] [real] DLPFC_151675 (dlpfc): score=0.044 mild voids=2 folds=0 tears=2 (1s)
[2026-07-18T08:47:26Z] ... alive stage='real:DLPFC_151676' (20s)
[2026-07-18T08:47:27Z] [real] DLPFC_151676 (dlpfc): score=0.000 none voids=0 folds=0 tears=0 (1s)
[2026-07-18T08:47:29Z] [real] V1_Breast_Cancer_Block_A_Section_1 (breast): score=0.200 severe voids=3 folds=0 tears=2 (2s)
[2026-07-18T08:47:31Z] [real] V1_Breast_Cancer_Block_A_Section_2 (breast): score=0.161 severe voids=3 folds=0 tears=2 (2s)
[2026-07-18T08:47:33Z] [real] V1_Mouse_Brain_Sagittal_Posterior (mouse_brain): score=0.023 mild voids=1 folds=0 tears=1 (2s)
[2026-07-18T08:47:35Z] [real] V1_Mouse_Brain_Sagittal_Posterior_Section_2 (mouse_brain): score=0.000 none voids=0 folds=0 tears=0 (2s)
[2026-07-18T08:47:36Z] [real] V1_Mouse_Kidney (kidney): score=0.055 moderate voids=2 folds=0 tears=2 (1s)
[2026-07-18T08:47:38Z] [real] Parent_Visium_Human_BreastCancer (breast): score=0.000 none voids=0 folds=0 tears=0 (2s)
[2026-07-18T08:47:41Z] [real] Parent_Visium_Human_Cerebellum (cerebellum): score=0.000 none voids=0 folds=0 tears=0 (2s)
[2026-07-18T08:47:42Z] [real] Parent_Visium_Human_ColorectalCancer (atlas_other): score=0.031 mild voids=1 folds=0 tears=1 (2s)
[2026-07-18T08:47:45Z] [real] Parent_Visium_Human_Glioblastoma (brain_tumor): score=0.327 severe voids=11 folds=0 tears=11 (2s)
[2026-07-18T08:47:46Z] ... alive stage='real:Parent_Visium_Human_OvarianCancer' (40s)
[2026-07-18T08:47:47Z] [real] Parent_Visium_Human_OvarianCancer (atlas_other): score=0.000 none voids=0 folds=0 tears=0 (2s)
[2026-07-18T08:47:48Z] [real] Parent_Visium_Human_SpinalCord (atlas_other): score=0.000 none voids=0 folds=0 tears=0 (1s)
[2026-07-18T08:47:49Z] [real] Targeted_Visium_Human_BreastCancer_Immunology (breast): score=0.000 none voids=0 folds=0 tears=0 (1s)
[2026-07-18T08:47:50Z] [real] Targeted_Visium_Human_Cerebellum_Neuroscience (cerebellum): score=0.000 none voids=0 folds=0 tears=0 (1s)
[2026-07-18T08:47:50Z] [real] Targeted_Visium_Human_ColorectalCancer_GeneSignature (atlas_other): score=0.031 mild voids=1 folds=0 tears=1 (1s)
[2026-07-18T08:47:51Z] [real] Targeted_Visium_Human_Glioblastoma_Pan_Cancer (brain_tumor): score=0.327 severe voids=11 folds=0 tears=11 (1s)
[2026-07-18T08:47:52Z] [real] Targeted_Visium_Human_OvarianCancer_Immunology (atlas_other): score=0.000 none voids=0 folds=0 tears=0 (1s)
[2026-07-18T08:47:53Z] [real] Targeted_Visium_Human_OvarianCancer_Pan_Cancer (atlas_other): score=0.000 none voids=0 folds=0 tears=0 (1s)
[2026-07-18T08:47:54Z] [real] Targeted_Visium_Human_SpinalCord_Neuroscience (atlas_other): score=0.000 none voids=0 folds=0 tears=0 (1s)
[2026-07-18T08:47:56Z] [real] V1_Adult_Mouse_Brain (brain): score=0.005 mild voids=0 folds=2 tears=0 (2s)
[2026-07-18T08:47:58Z] [real] V1_Adult_Mouse_Brain_Coronal_Section_1 (brain): score=0.002 mild voids=0 folds=2 tears=0 (2s)
[2026-07-18T08:47:59Z] [real] V1_Adult_Mouse_Brain_Coronal_Section_2 (brain): score=0.001 mild voids=0 folds=1 tears=0 (2s)
[2026-07-18T08:48:02Z] [real] V1_Human_Brain_Section_1 (brain): score=0.000 none voids=0 folds=0 tears=0 (2s)
[2026-07-18T08:48:05Z] [real] V1_Human_Brain_Section_2 (brain): score=0.001 mild voids=0 folds=1 tears=0 (3s)
[2026-07-18T08:48:06Z] ... alive stage='real:V1_Human_Heart' (60s)
[2026-07-18T08:48:06Z] [real] V1_Human_Heart (heart): score=0.026 mild voids=1 folds=0 tears=1 (2s)
[2026-07-18T08:48:10Z] [real] V1_Human_Lymph_Node (atlas): score=0.052 moderate voids=2 folds=0 tears=2 (3s)
[2026-07-18T08:48:12Z] [real] V1_Mouse_Brain_Sagittal_Anterior (brain): score=0.071 moderate voids=2 folds=0 tears=3 (3s)
[2026-07-18T08:48:14Z] [real] V1_Mouse_Brain_Sagittal_Anterior_Section_2 (brain): score=0.020 mild voids=0 folds=0 tears=1 (2s)
[2026-07-18T08:48:16Z] [real] V1_Mouse_Kidney (kidney): score=0.055 moderate voids=2 folds=0 tears=2 (1s)
[2026-07-18T08:48:16Z] generating synthetic tears on 7 bases x 6 sev x 2 seed ...
[2026-07-18T08:48:18Z] [synthetic] DLPFC_151507 s1 seed0: score=0.000 fdisp=66% maxresid=1.9pitch voids=0 (2s)
[2026-07-18T08:48:19Z] [warp_only] DLPFC_151507 s1 seed0: score=0.000 fdisp=8% maxresid=0.9pitch voids=0 (2s)
[2026-07-18T08:48:21Z] [synthetic] DLPFC_151507 s2 seed0: score=0.000 fdisp=89% maxresid=3.8pitch voids=0 (2s)
[2026-07-18T08:48:23Z] [warp_only] DLPFC_151507 s2 seed0: score=0.000 fdisp=58% maxresid=1.9pitch voids=0 (2s)
[2026-07-18T08:48:25Z] [synthetic] DLPFC_151507 s3 seed0: score=0.000 fdisp=95% maxresid=5.8pitch voids=0 (2s)
[2026-07-18T08:48:26Z] ... alive stage='warp_only:DLPFC_151507:s3:seed0' (80s)
[2026-07-18T08:48:31Z] [warp_only] DLPFC_151507 s3 seed0: score=0.000 fdisp=76% maxresid=2.9pitch voids=0 (5s)
[2026-07-18T08:48:33Z] [synthetic] DLPFC_151507 s4 seed0: score=0.000 fdisp=98% maxresid=7.9pitch voids=0 (2s)
[2026-07-18T08:48:35Z] [warp_only] DLPFC_151507 s4 seed0: score=0.000 fdisp=87% maxresid=4.0pitch voids=0 (2s)
[2026-07-18T08:48:37Z] [synthetic] DLPFC_151507 s6 seed0: score=0.000 fdisp=99% maxresid=12.2pitch voids=0 (2s)
[2026-07-18T08:48:39Z] [warp_only] DLPFC_151507 s6 seed0: score=0.000 fdisp=95% maxresid=6.2pitch voids=0 (2s)
[2026-07-18T08:48:40Z] [synthetic] DLPFC_151507 s8 seed0: score=0.000 fdisp=100% maxresid=17.0pitch voids=0 (1s)
[2026-07-18T08:48:42Z] [warp_only] DLPFC_151507 s8 seed0: score=0.000 fdisp=97% maxresid=8.5pitch voids=0 (1s)
[2026-07-18T08:48:43Z] [synthetic] DLPFC_151507 s1 seed1: score=0.000 fdisp=65% maxresid=2.4pitch voids=0 (2s)
[2026-07-18T08:48:45Z] [warp_only] DLPFC_151507 s1 seed1: score=0.000 fdisp=7% maxresid=0.8pitch voids=0 (2s)
[2026-07-18T08:48:46Z] ... alive stage='synthetic:DLPFC_151507:s2:seed1' (100s)
[2026-07-18T08:48:47Z] [synthetic] DLPFC_151507 s2 seed1: score=0.000 fdisp=86% maxresid=4.9pitch voids=0 (2s)
[2026-07-18T08:48:50Z] [warp_only] DLPFC_151507 s2 seed1: score=0.000 fdisp=48% maxresid=1.6pitch voids=0 (3s)
[2026-07-18T08:48:52Z] [synthetic] DLPFC_151507 s3 seed1: score=0.000 fdisp=92% maxresid=7.5pitch voids=0 (2s)
[2026-07-18T08:48:54Z] [warp_only] DLPFC_151507 s3 seed1: score=0.000 fdisp=70% maxresid=2.5pitch voids=0 (2s)
[2026-07-18T08:48:58Z] [synthetic] DLPFC_151507 s4 seed1: score=0.000 fdisp=96% maxresid=10.2pitch voids=0 (3s)
[2026-07-18T08:49:01Z] [warp_only] DLPFC_151507 s4 seed1: score=0.000 fdisp=85% maxresid=3.4pitch voids=0 (3s)
[2026-07-18T08:49:04Z] [synthetic] DLPFC_151507 s6 seed1: score=0.000 fdisp=99% maxresid=15.8pitch voids=0 (3s)
[2026-07-18T08:49:05Z] [warp_only] DLPFC_151507 s6 seed1: score=0.000 fdisp=93% maxresid=5.3pitch voids=0 (2s)
[2026-07-18T08:49:07Z] ... alive stage='synthetic:DLPFC_151507:s8:seed1' (120s)
[2026-07-18T08:49:07Z] [synthetic] DLPFC_151507 s8 seed1: score=0.000 fdisp=100% maxresid=21.8pitch voids=0 (1s)
[2026-07-18T08:49:08Z] [warp_only] DLPFC_151507 s8 seed1: score=0.000 fdisp=96% maxresid=7.3pitch voids=0 (2s)
[2026-07-18T08:49:10Z] [synthetic] DLPFC_151508 s1 seed0: score=0.044 fdisp=66% maxresid=1.9pitch voids=2 (1s)
[2026-07-18T08:49:12Z] [warp_only] DLPFC_151508 s1 seed0: score=0.044 fdisp=11% maxresid=1.0pitch voids=2 (2s)
[2026-07-18T08:49:14Z] [synthetic] DLPFC_151508 s2 seed0: score=0.044 fdisp=89% maxresid=3.8pitch voids=2 (2s)
[2026-07-18T08:49:16Z] [warp_only] DLPFC_151508 s2 seed0: score=0.044 fdisp=61% maxresid=2.1pitch voids=2 (2s)
[2026-07-18T08:49:17Z] [synthetic] DLPFC_151508 s3 seed0: score=0.044 fdisp=95% maxresid=5.8pitch voids=2 (1s)
[2026-07-18T08:49:18Z] [warp_only] DLPFC_151508 s3 seed0: score=0.044 fdisp=79% maxresid=3.2pitch voids=2 (2s)
[2026-07-18T08:49:20Z] [synthetic] DLPFC_151508 s4 seed0: score=0.044 fdisp=97% maxresid=7.8pitch voids=2 (1s)
[2026-07-18T08:49:21Z] [warp_only] DLPFC_151508 s4 seed0: score=0.044 fdisp=88% maxresid=4.3pitch voids=2 (1s)
[2026-07-18T08:49:24Z] [synthetic] DLPFC_151508 s6 seed0: score=0.044 fdisp=99% maxresid=12.1pitch voids=2 (2s)
[2026-07-18T08:49:26Z] [warp_only] DLPFC_151508 s6 seed0: score=0.044 fdisp=96% maxresid=6.6pitch voids=2 (2s)
[2026-07-18T08:49:27Z] ... alive stage='synthetic:DLPFC_151508:s8:seed0' (140s)
[2026-07-18T08:49:28Z] [synthetic] DLPFC_151508 s8 seed0: score=0.044 fdisp=100% maxresid=16.7pitch voids=2 (3s)
[2026-07-18T08:49:31Z] [warp_only] DLPFC_151508 s8 seed0: score=0.044 fdisp=98% maxresid=9.1pitch voids=2 (3s)
[2026-07-18T08:49:34Z] [synthetic] DLPFC_151508 s1 seed1: score=0.044 fdisp=66% maxresid=2.4pitch voids=2 (3s)
[2026-07-18T08:49:38Z] [warp_only] DLPFC_151508 s1 seed1: score=0.044 fdisp=8% maxresid=0.8pitch voids=2 (4s)
[2026-07-18T08:49:42Z] [synthetic] DLPFC_151508 s2 seed1: score=0.044 fdisp=86% maxresid=4.9pitch voids=2 (5s)
[2026-07-18T08:49:47Z] ... alive stage='warp_only:DLPFC_151508:s2:seed1' (160s)
[2026-07-18T08:49:47Z] [warp_only] DLPFC_151508 s2 seed1: score=0.044 fdisp=50% maxresid=1.7pitch voids=2 (4s)
[2026-07-18T08:49:52Z] [synthetic] DLPFC_151508 s3 seed1: score=0.044 fdisp=93% maxresid=7.5pitch voids=2 (6s)
[2026-07-18T08:49:57Z] [warp_only] DLPFC_151508 s3 seed1: score=0.044 fdisp=74% maxresid=2.6pitch voids=2 (5s)
[2026-07-18T08:49:59Z] [synthetic] DLPFC_151508 s4 seed1: score=0.044 fdisp=96% maxresid=10.2pitch voids=2 (3s)
[2026-07-18T08:50:02Z] [warp_only] DLPFC_151508 s4 seed1: score=0.044 fdisp=87% maxresid=3.5pitch voids=2 (2s)
[2026-07-18T08:50:03Z] [synthetic] DLPFC_151508 s6 seed1: score=0.044 fdisp=99% maxresid=15.8pitch voids=2 (1s)
[2026-07-18T08:50:04Z] [warp_only] DLPFC_151508 s6 seed1: score=0.044 fdisp=94% maxresid=5.4pitch voids=2 (1s)
[2026-07-18T08:50:06Z] [synthetic] DLPFC_151508 s8 seed1: score=0.044 fdisp=99% maxresid=21.8pitch voids=2 (1s)
[2026-07-18T08:50:07Z] [warp_only] DLPFC_151508 s8 seed1: score=0.044 fdisp=97% maxresid=7.5pitch voids=2 (1s)
[2026-07-18T08:50:07Z] ... alive stage='warp_only:DLPFC_151508:s8:seed1' (180s)
[2026-07-18T08:50:08Z] [synthetic] DLPFC_151669 s1 seed0: score=0.028 fdisp=65% maxresid=1.8pitch voids=1 (1s)
